MSBuild version 18.4.0+6e61e96ac for .NET Framework
Build started 29/04/2026 10:03:19 PM.

Project "C:\Users\Dominik\Projects\storylines\src\Storylines.sln" on node 1 (Build target(s)).
ValidateSolutionConfiguration:
  Building solution configuration "Debug|x64".
Project "C:\Users\Dominik\Projects\storylines\src\Storylines.sln" (1) is building "C:\Users\Dominik\Projects\storylines\src\Storylines\Storylines.csproj" (2) on node 1 (default targets).
C:\Users\Dominik\Projects\storylines\src\Storylines\Storylines.csproj(674,5): warning : Storylines.csproj is Multilingual build enabled, but the Multilingual App Toolkit is unavailable during the build. If building with Visual Studio, please check to ensure that toolkit is properly installed.
GetInstalledSDKLocations:
  Searching for SDKs targeting "UAP, 10.0.26100.0".
  Searching for SDKs targeting "Windows, 8.1".
ResolveSDKReferences:
    Reading SDK manifest file "C:\Program Files (x86)\Microsoft SDKs\Windows Kits\10\ExtensionSDKs\Microsoft.VCLibs\14.0\SDKManifest.xml".
    Targeted configuration and architecture "Debug|X64"
    Could not find "FrameworkIdentity" attribute "FrameworkIdentity-Debug-X64" in the SDK manifest. 
    Found "FrameworkIdentity" attribute "Name = Microsoft.VCLibs.140.00.Debug, MinVersion = 14.0.33519.0, Publisher = 'CN=Microsoft Corporation, O=Microsoft Corporation, L=Redmond, S=Washington, C=US'" in the SDK manifest.
    Found "APPX" location attribute "AppX-Debug-x86=.\AppX\Debug\x86\Microsoft.VCLibs.x86.Debug.14.00.appx" in the SDK manifest.
    Found "APPX" location attribute "AppX-Debug-x64=.\AppX\Debug\x64\Microsoft.VCLibs.x64.Debug.14.00.appx" in the SDK manifest.
    Found "APPX" location attribute "AppX-Debug-ARM=.\AppX\Debug\ARM\Microsoft.VCLibs.ARM.Debug.14.00.appx" in the SDK manifest.
    Found "APPX" location attribute "AppX-Debug-ARM64=.\AppX\Debug\ARM64\Microsoft.VCLibs.ARM64.Debug.14.00.appx" in the SDK manifest.
    Reading SDK manifest file "C:\Users\Dominik\.nuget\packages\microsoft.services.store.engagement\10.2307.3001\SDK\Windows Kits\10\ExtensionSDKs\Microsoft.Services.Store.Engagement\10.0\SDKManifest.xml".
    Targeted configuration and architecture "Debug|X64"
    Could not find "FrameworkIdentity" attribute "FrameworkIdentity-Debug-X64" in the SDK manifest. 
    Could not find "FrameworkIdentity" attribute "FrameworkIdentity-Debug" in the SDK manifest. 
    Found "FrameworkIdentity" attribute "Name=Microsoft.Services.Store.Engagement, MinVersion=10.0.23012.0, Publisher='CN=Microsoft Corporation, O=Microsoft Corporation, L=Redmond, S=Washington, C=US'" in the SDK manifest.
    Found "APPX" location attribute "AppX-x86=.\AppX\x86\Microsoft.Services.Store.Engagement.x86.10.0.appx" in the SDK manifest.
    Found "APPX" location attribute "AppX-x64=.\AppX\x64\Microsoft.Services.Store.Engagement.x64.10.0.appx" in the SDK manifest.
    Found "APPX" location attribute "AppX-ARM=.\AppX\ARM\Microsoft.Services.Store.Engagement.ARM.10.0.appx" in the SDK manifest.
    Found "APPX" location attribute "AppX-ARM64=.\AppX\ARM64\Microsoft.Services.Store.Engagement.ARM64.10.0.appx" in the SDK manifest.
    Reading SDK manifest file "C:\Program Files (x86)\Microsoft SDKs\Windows Kits\10\ExtensionSDKs\Microsoft.VCLibs.Desktop\14.0\SDKManifest.xml".
    Targeted configuration and architecture "Debug|X64"
    Could not find "FrameworkIdentity" attribute "FrameworkIdentity-Debug-X64" in the SDK manifest. 
    Found "FrameworkIdentity" attribute "Name = Microsoft.VCLibs.140.00.Debug.UWPDesktop, MinVersion = 14.0.33728.0, Publisher = 'CN=Microsoft Corporation, O=Microsoft Corporation, L=Redmond, S=Washington, C=US'" in the SDK manifest.
    Found "APPX" location attribute "AppX-Debug-ARM=.\AppX\Debug\ARM\Microsoft.VCLibs.ARM.Debug.14.00.Desktop.appx" in the SDK manifest.
    Found "APPX" location attribute "AppX-Debug-ARM64=.\AppX\Debug\ARM64\Microsoft.VCLibs.ARM64.Debug.14.00.Desktop.appx" in the SDK manifest.
    Found "APPX" location attribute "AppX-Debug-x86=.\AppX\Debug\x86\Microsoft.VCLibs.x86.Debug.14.00.Desktop.appx" in the SDK manifest.
    Found "APPX" location attribute "AppX-Debug-x64=.\AppX\Debug\x64\Microsoft.VCLibs.x64.Debug.14.00.Desktop.appx" in the SDK manifest.
ExpandSDKReferences:
  Enumerating SDK Reference "Microsoft.VCLibs, Version=14.0" from "C:\Program Files (x86)\Microsoft SDKs\Windows Kits\10\ExtensionSDKs\Microsoft.VCLibs\14.0\".
  Enumerating SDK Reference "Microsoft.Services.Store.Engagement, Version=10.0" from "C:\Users\Dominik\.nuget\packages\microsoft.services.store.engagement\10.2307.3001\SDK\Windows Kits\10\ExtensionSDKs\Microsoft.Services.Store.Engagement\10.0\".
  Adding reference "References\CommonConfiguration\neutral\Microsoft.Services.Store.Engagement.winmd".
  Enumerating SDK Reference "Microsoft.VCLibs.Desktop, Version=14.0" from "C:\Program Files (x86)\Microsoft SDKs\Windows Kits\10\ExtensionSDKs\Microsoft.VCLibs.Desktop\14.0\".
MarkupCompilePass1:
  (Out) GeneratedCodeFiles: 'C:\Users\Dominik\Projects\storylines\src\Storylines\obj\x64\Debug\App.g.i.cs;C:\Users\Dominik\Projects\storylines\src\Storylines\obj\x64\Debug\App.g.cs;C:\Users\Dominik\Projects\storylines\src\Storylines\obj\x64\Debug\AppView.g.i.cs;C:\Users\Dominik\Projects\storylines\src\Storylines\obj\x64\Debug\AppView.g.cs;C:\Users\Dominik\Projects\storylines\src\Storylines\obj\x64\Debug\Views\Controls\SymbolButton.g.i.cs;C:\Users\Dominik\Projects\storylines\src\Storylines\obj\x64\Debug\Views\Controls\SymbolButton.g.cs;C:\Users\Dominik\Projects\storylines\src\Storylines\obj\x64\Debug\Views\Controls\ShortcutLineControl.g.i.cs;C:\Users\Dominik\Projects\storylines\src\Storylines\obj\x64\Debug\Views\Controls\ShortcutLineControl.g.cs;C:\Users\Dominik\Projects\storylines\src\Storylines\obj\x64\Debug\Views\Controls\WhatsNextBanner.g.i.cs;C:\Users\Dominik\Projects\storylines\src\Storylines\obj\x64\Debug\Views\Controls\WhatsNextBanner.g.cs;C:\Users\Dominik\Projects\storylines\src\Storylines\obj\x64\Debug\Views\Dialogs\ProjectRenamerDialogue.g.i.cs;C:\Users\Dominik\Projects\storylines\src\Storylines\obj\x64\Debug\Views\Dialogs\ProjectRenamerDialogue.g.cs;C:\Users\Dominik\Projects\storylines\src\Storylines\obj\x64\Debug\Views\Dialogs\ShortcutsDialogue.g.i.cs;C:\Users\Dominik\Projects\storylines\src\Storylines\obj\x64\Debug\Views\Dialogs\ShortcutsDialogue.g.cs;C:\Users\Dominik\Projects\storylines\src\Storylines\obj\x64\Debug\Views\Pages\CharactersPage.g.i.cs;C:\Users\Dominik\Projects\storylines\src\Storylines\obj\x64\Debug\Views\Pages\CharactersPage.g.cs;C:\Users\Dominik\Projects\storylines\src\Storylines\obj\x64\Debug\Views\Pages\BranchingDialoguePage.g.i.cs;C:\Users\Dominik\Projects\storylines\src\Storylines\obj\x64\Debug\Views\Pages\BranchingDialoguePage.g.cs;C:\Users\Dominik\Projects\storylines\src\Storylines\obj\x64\Debug\Views\Controls\BranchingDialogueCanvasControl.g.i.cs;C:\Users\Dominik\Projects\storylines\src\Storylines\obj\x64\Debug\Views\Controls\BranchingDialogueCanvasControl.g.cs;C:\Users\Dominik\Projects\storylines\src\Storylines\obj\x64\Debug\Views\Controls\DialogueSimulatorControl.g.i.cs;C:\Users\Dominik\Projects\storylines\src\Storylines\obj\x64\Debug\Views\Controls\DialogueSimulatorControl.g.cs;C:\Users\Dominik\Projects\storylines\src\Storylines\obj\x64\Debug\Views\Controls\ChaptersList.g.i.cs;C:\Users\Dominik\Projects\storylines\src\Storylines\obj\x64\Debug\Views\Controls\ChaptersList.g.cs;C:\Users\Dominik\Projects\storylines\src\Storylines\obj\x64\Debug\Views\Controls\ChapterTextBox.g.i.cs;C:\Users\Dominik\Projects\storylines\src\Storylines\obj\x64\Debug\Views\Controls\ChapterTextBox.g.cs;C:\Users\Dominik\Projects\storylines\src\Storylines\obj\x64\Debug\Views\Dialogs\ChapterCreatorOrRenamer.g.i.cs;C:\Users\Dominik\Projects\storylines\src\Storylines\obj\x64\Debug\Views\Dialogs\ChapterCreatorOrRenamer.g.cs;C:\Users\Dominik\Projects\storylines\src\Storylines\obj\x64\Debug\Views\Dialogs\ExportDialogue.g.i.cs;C:\Users\Dominik\Projects\storylines\src\Storylines\obj\x64\Debug\Views\Dialogs\ExportDialogue.g.cs;C:\Users\Dominik\Projects\storylines\src\Storylines\obj\x64\Debug\Views\Dialogs\LoadProjectDialogue.g.i.cs;C:\Users\Dominik\Projects\storylines\src\Storylines\obj\x64\Debug\Views\Dialogs\LoadProjectDialogue.g.cs;C:\Users\Dominik\Projects\storylines\src\Storylines\obj\x64\Debug\Views\Dialogs\SaveDialogue.g.i.cs;C:\Users\Dominik\Projects\storylines\src\Storylines\obj\x64\Debug\Views\Dialogs\SaveDialogue.g.cs;C:\Users\Dominik\Projects\storylines\src\Storylines\obj\x64\Debug\Views\Dialogs\ProjectStatsDialogue.g.i.cs;C:\Users\Dominik\Projects\storylines\src\Storylines\obj\x64\Debug\Views\Dialogs\ProjectStatsDialogue.g.cs;C:\Users\Dominik\Projects\storylines\src\Storylines\obj\x64\Debug\Views\Controls\MainCommandBar.g.i.cs;C:\Users\Dominik\Projects\storylines\src\Storylines\obj\x64\Debug\Views\Controls\MainCommandBar.g.cs;C:\Users\Dominik\Projects\storylines\src\Storylines\obj\x64\Debug\Views\Controls\Modes\FocusModeOverlay.g.i.cs;C:\Users\Dominik\Projects\storylines\src\Storylines\obj\x64\Debug\Views\Controls\Modes\FocusModeOverlay.g.cs;C:\Users\Dominik\Projects\storylines\src\Storylines\obj\x64\Debug\Views\Controls\Modes\ReadOnlyModeOverlay.g.i.cs;C:\Users\Dominik\Projects\storylines\src\Storylines\obj\x64\Debug\Views\Controls\Modes\ReadOnlyModeOverlay.g.cs;C:\Users\Dominik\Projects\storylines\src\Storylines\obj\x64\Debug\Views\Pages\MainPage.g.i.cs;C:\Users\Dominik\Projects\storylines\src\Storylines\obj\x64\Debug\Views\Pages\MainPage.g.cs;C:\Users\Dominik\Projects\storylines\src\Storylines\obj\x64\Debug\Views\Pages\SettingsPage.g.i.cs;C:\Users\Dominik\Projects\storylines\src\Storylines\obj\x64\Debug\Views\Pages\SettingsPage.g.cs;C:\Users\Dominik\Projects\storylines\src\Storylines\obj\x64\Debug\Views\Pages\Settings\AboutPage.g.i.cs;C:\Users\Dominik\Projects\storylines\src\Storylines\obj\x64\Debug\Views\Pages\Settings\AboutPage.g.cs;C:\Users\Dominik\Projects\storylines\src\Storylines\obj\x64\Debug\Views\Pages\Settings\GeneralPage.g.i.cs;C:\Users\Dominik\Projects\storylines\src\Storylines\obj\x64\Debug\Views\Pages\Settings\GeneralPage.g.cs;C:\Users\Dominik\Projects\storylines\src\Storylines\obj\x64\Debug\Views\Pages\Settings\AccessibilityPage.g.i.cs;C:\Users\Dominik\Projects\storylines\src\Storylines\obj\x64\Debug\Views\Pages\Settings\AccessibilityPage.g.cs;C:\Users\Dominik\Projects\storylines\src\Storylines\obj\x64\Debug\Views\Pages\Settings\PersonalizationPage.g.i.cs;C:\Users\Dominik\Projects\storylines\src\Storylines\obj\x64\Debug\Views\Pages\Settings\PersonalizationPage.g.cs;C:\Users\Dominik\Projects\storylines\src\Storylines\obj\x64\Debug\Views\Controls\ChapterNotesPane.g.i.cs;C:\Users\Dominik\Projects\storylines\src\Storylines\obj\x64\Debug\Views\Controls\ChapterNotesPane.g.cs;C:\Users\Dominik\Projects\storylines\src\Storylines\obj\x64\Debug\Views\Controls\WelcomePanel.g.i.cs;C:\Users\Dominik\Projects\storylines\src\Storylines\obj\x64\Debug\Views\Controls\WelcomePanel.g.cs;C:\Users\Dominik\Projects\storylines\src\Storylines\obj\x64\Debug\Views\Pages\StoryPinboardPage.g.i.cs;C:\Users\Dominik\Projects\storylines\src\Storylines\obj\x64\Debug\Views\Pages\StoryPinboardPage.g.cs;C:\Users\Dominik\Projects\storylines\src\Storylines\obj\x64\Debug\Views\Dialogs\ChapterTagsDialogue.g.i.cs;C:\Users\Dominik\Projects\storylines\src\Storylines\obj\x64\Debug\Views\Dialogs\ChapterTagsDialogue.g.cs;C:\Users\Dominik\Projects\storylines\src\Storylines\obj\x64\Debug\Views\Dialogs\GlobalSearchDialogue.g.i.cs;C:\Users\Dominik\Projects\storylines\src\Storylines\obj\x64\Debug\Views\Dialogs\GlobalSearchDialogue.g.cs;C:\Users\Dominik\Projects\storylines\src\Storylines\obj\x64\Debug\Views\Dialogs\ModePickerDialogue.g.i.cs;C:\Users\Dominik\Projects\storylines\src\Storylines\obj\x64\Debug\Views\Dialogs\ModePickerDialogue.g.cs;C:\Users\Dominik\Projects\storylines\src\Storylines\obj\x64\Debug\Views\Dialogs\WritingPromptsDialogue.g.i.cs;C:\Users\Dominik\Projects\storylines\src\Storylines\obj\x64\Debug\Views\Dialogs\WritingPromptsDialogue.g.cs;C:\Users\Dominik\Projects\storylines\src\Storylines\obj\x64\Debug\XamlTypeInfo.g.cs'
  (Out) GeneratedXamlFiles: 'C:\Users\Dominik\Projects\storylines\src\Storylines\obj\x64\Debug\App.xaml;C:\Users\Dominik\Projects\storylines\src\Storylines\obj\x64\Debug\AppView.xaml;C:\Users\Dominik\Projects\storylines\src\Storylines\obj\x64\Debug\Views\Controls\SymbolButton.xaml;C:\Users\Dominik\Projects\storylines\src\Storylines\obj\x64\Debug\Views\Controls\ShortcutLineControl.xaml;C:\Users\Dominik\Projects\storylines\src\Storylines\obj\x64\Debug\Views\Controls\WhatsNextBanner.xaml;C:\Users\Dominik\Projects\storylines\src\Storylines\obj\x64\Debug\Views\Dialogs\ProjectRenamerDialogue.xaml;C:\Users\Dominik\Projects\storylines\src\Storylines\obj\x64\Debug\Views\Dialogs\ShortcutsDialogue.xaml;C:\Users\Dominik\Projects\storylines\src\Storylines\obj\x64\Debug\Views\Pages\CharactersPage.xaml;C:\Users\Dominik\Projects\storylines\src\Storylines\obj\x64\Debug\Views\Pages\BranchingDialoguePage.xaml;C:\Users\Dominik\Projects\storylines\src\Storylines\obj\x64\Debug\Views\Controls\BranchingDialogueCanvasControl.xaml;C:\Users\Dominik\Projects\storylines\src\Storylines\obj\x64\Debug\Views\Controls\DialogueSimulatorControl.xaml;C:\Users\Dominik\Projects\storylines\src\Storylines\obj\x64\Debug\Views\Controls\ChaptersList.xaml;C:\Users\Dominik\Projects\storylines\src\Storylines\obj\x64\Debug\Views\Controls\ChapterTextBox.xaml;C:\Users\Dominik\Projects\storylines\src\Storylines\obj\x64\Debug\Views\Dialogs\ChapterCreatorOrRenamer.xaml;C:\Users\Dominik\Projects\storylines\src\Storylines\obj\x64\Debug\Views\Dialogs\ExportDialogue.xaml;C:\Users\Dominik\Projects\storylines\src\Storylines\obj\x64\Debug\Views\Dialogs\LoadProjectDialogue.xaml;C:\Users\Dominik\Projects\storylines\src\Storylines\obj\x64\Debug\Views\Dialogs\SaveDialogue.xaml;C:\Users\Dominik\Projects\storylines\src\Storylines\obj\x64\Debug\Views\Dialogs\ProjectStatsDialogue.xaml;C:\Users\Dominik\Projects\storylines\src\Storylines\obj\x64\Debug\Views\Controls\MainCommandBar.xaml;C:\Users\Dominik\Projects\storylines\src\Storylines\obj\x64\Debug\Views\Controls\Modes\FocusModeOverlay.xaml;C:\Users\Dominik\Projects\storylines\src\Storylines\obj\x64\Debug\Views\Controls\Modes\ReadOnlyModeOverlay.xaml;C:\Users\Dominik\Projects\storylines\src\Storylines\obj\x64\Debug\Views\Pages\MainPage.xaml;C:\Users\Dominik\Projects\storylines\src\Storylines\obj\x64\Debug\Resources\ResourceDictionaries\CustomExpanderStyle.xaml;C:\Users\Dominik\Projects\storylines\src\Storylines\obj\x64\Debug\Resources\ResourceDictionaries\MainStyleDictionary.xaml;C:\Users\Dominik\Projects\storylines\src\Storylines\obj\x64\Debug\Views\Pages\SettingsPage.xaml;C:\Users\Dominik\Projects\storylines\src\Storylines\obj\x64\Debug\Views\Pages\Settings\AboutPage.xaml;C:\Users\Dominik\Projects\storylines\src\Storylines\obj\x64\Debug\Views\Pages\Settings\GeneralPage.xaml;C:\Users\Dominik\Projects\storylines\src\Storylines\obj\x64\Debug\Views\Pages\Settings\AccessibilityPage.xaml;C:\Users\Dominik\Projects\storylines\src\Storylines\obj\x64\Debug\Views\Pages\Settings\PersonalizationPage.xaml;C:\Users\Dominik\Projects\storylines\src\Storylines\obj\x64\Debug\Resources\ResourceDictionaries\RightAlignedToggleSwitchStyle.xaml;C:\Users\Dominik\Projects\storylines\src\Storylines\obj\x64\Debug\Resources\ResourceDictionaries\MainRichTextBoxStyle.xaml;C:\Users\Dominik\Projects\storylines\src\Storylines\obj\x64\Debug\Views\Controls\ChapterNotesPane.xaml;C:\Users\Dominik\Projects\storylines\src\Storylines\obj\x64\Debug\Views\Controls\WelcomePanel.xaml;C:\Users\Dominik\Projects\storylines\src\Storylines\obj\x64\Debug\Views\Pages\StoryPinboardPage.xaml;C:\Users\Dominik\Projects\storylines\src\Storylines\obj\x64\Debug\Views\Dialogs\ChapterTagsDialogue.xaml;C:\Users\Dominik\Projects\storylines\src\Storylines\obj\x64\Debug\Views\Dialogs\GlobalSearchDialogue.xaml;C:\Users\Dominik\Projects\storylines\src\Storylines\obj\x64\Debug\Views\Dialogs\ModePickerDialogue.xaml;C:\Users\Dominik\Projects\storylines\src\Storylines\obj\x64\Debug\Views\Dialogs\WritingPromptsDialogue.xaml'
  (Out) GeneratedXbfFiles: 'C:\Users\Dominik\Projects\storylines\src\Storylines\obj\x64\Debug\App.xbf;C:\Users\Dominik\Projects\storylines\src\Storylines\obj\x64\Debug\AppView.xbf;C:\Users\Dominik\Projects\storylines\src\Storylines\obj\x64\Debug\Views\Controls\SymbolButton.xbf;C:\Users\Dominik\Projects\storylines\src\Storylines\obj\x64\Debug\Views\Controls\ShortcutLineControl.xbf;C:\Users\Dominik\Projects\storylines\src\Storylines\obj\x64\Debug\Views\Controls\WhatsNextBanner.xbf;C:\Users\Dominik\Projects\storylines\src\Storylines\obj\x64\Debug\Views\Dialogs\ProjectRenamerDialogue.xbf;C:\Users\Dominik\Projects\storylines\src\Storylines\obj\x64\Debug\Views\Dialogs\ShortcutsDialogue.xbf;C:\Users\Dominik\Projects\storylines\src\Storylines\obj\x64\Debug\Views\Pages\CharactersPage.xbf;C:\Users\Dominik\Projects\storylines\src\Storylines\obj\x64\Debug\Views\Pages\BranchingDialoguePage.xbf;C:\Users\Dominik\Projects\storylines\src\Storylines\obj\x64\Debug\Views\Controls\BranchingDialogueCanvasControl.xbf;C:\Users\Dominik\Projects\storylines\src\Storylines\obj\x64\Debug\Views\Controls\DialogueSimulatorControl.xbf;C:\Users\Dominik\Projects\storylines\src\Storylines\obj\x64\Debug\Views\Controls\ChaptersList.xbf;C:\Users\Dominik\Projects\storylines\src\Storylines\obj\x64\Debug\Views\Controls\ChapterTextBox.xbf;C:\Users\Dominik\Projects\storylines\src\Storylines\obj\x64\Debug\Views\Dialogs\ChapterCreatorOrRenamer.xbf;C:\Users\Dominik\Projects\storylines\src\Storylines\obj\x64\Debug\Views\Dialogs\ExportDialogue.xbf;C:\Users\Dominik\Projects\storylines\src\Storylines\obj\x64\Debug\Views\Dialogs\LoadProjectDialogue.xbf;C:\Users\Dominik\Projects\storylines\src\Storylines\obj\x64\Debug\Views\Dialogs\SaveDialogue.xbf;C:\Users\Dominik\Projects\storylines\src\Storylines\obj\x64\Debug\Views\Dialogs\ProjectStatsDialogue.xbf;C:\Users\Dominik\Projects\storylines\src\Storylines\obj\x64\Debug\Views\Controls\MainCommandBar.xbf;C:\Users\Dominik\Projects\storylines\src\Storylines\obj\x64\Debug\Views\Controls\Modes\FocusModeOverlay.xbf;C:\Users\Dominik\Projects\storylines\src\Storylines\obj\x64\Debug\Views\Controls\Modes\ReadOnlyModeOverlay.xbf;C:\Users\Dominik\Projects\storylines\src\Storylines\obj\x64\Debug\Views\Pages\MainPage.xbf;C:\Users\Dominik\Projects\storylines\src\Storylines\obj\x64\Debug\Resources\ResourceDictionaries\CustomExpanderStyle.xbf;C:\Users\Dominik\Projects\storylines\src\Storylines\obj\x64\Debug\Resources\ResourceDictionaries\MainStyleDictionary.xbf;C:\Users\Dominik\Projects\storylines\src\Storylines\obj\x64\Debug\Views\Pages\SettingsPage.xbf;C:\Users\Dominik\Projects\storylines\src\Storylines\obj\x64\Debug\Views\Pages\Settings\AboutPage.xbf;C:\Users\Dominik\Projects\storylines\src\Storylines\obj\x64\Debug\Views\Pages\Settings\GeneralPage.xbf;C:\Users\Dominik\Projects\storylines\src\Storylines\obj\x64\Debug\Views\Pages\Settings\AccessibilityPage.xbf;C:\Users\Dominik\Projects\storylines\src\Storylines\obj\x64\Debug\Views\Pages\Settings\PersonalizationPage.xbf;C:\Users\Dominik\Projects\storylines\src\Storylines\obj\x64\Debug\Resources\ResourceDictionaries\RightAlignedToggleSwitchStyle.xbf;C:\Users\Dominik\Projects\storylines\src\Storylines\obj\x64\Debug\Resources\ResourceDictionaries\MainRichTextBoxStyle.xbf;C:\Users\Dominik\Projects\storylines\src\Storylines\obj\x64\Debug\Views\Controls\ChapterNotesPane.xbf;C:\Users\Dominik\Projects\storylines\src\Storylines\obj\x64\Debug\Views\Controls\WelcomePanel.xbf;C:\Users\Dominik\Projects\storylines\src\Storylines\obj\x64\Debug\Views\Pages\StoryPinboardPage.xbf;C:\Users\Dominik\Projects\storylines\src\Storylines\obj\x64\Debug\Views\Dialogs\ChapterTagsDialogue.xbf;C:\Users\Dominik\Projects\storylines\src\Storylines\obj\x64\Debug\Views\Dialogs\GlobalSearchDialogue.xbf;C:\Users\Dominik\Projects\storylines\src\Storylines\obj\x64\Debug\Views\Dialogs\ModePickerDialogue.xbf;C:\Users\Dominik\Projects\storylines\src\Storylines\obj\x64\Debug\Views\Dialogs\WritingPromptsDialogue.xbf'
  (Out) Compile: 'App.xaml.cs;AppView.xaml.cs;Views\Controls\SymbolButton.xaml.cs;Views\Controls\ShortcutLineControl.xaml.cs;Views\Controls\WhatsNextBanner.xaml.cs;Views\Dialogs\ProjectRenamerDialogue.xaml.cs;Views\Dialogs\ShortcutsDialogue.xaml.cs;Views\Pages\CharactersPage.xaml.cs;Views\Controls\ChaptersList.xaml.cs;Views\Controls\ChapterTextBox.xaml.cs;Views\Dialogs\ChapterCreatorOrRenamer.xaml.cs;Views\Dialogs\ExportDialogue.xaml.cs;Views\Dialogs\LoadProjectDialogue.xaml.cs;Views\Dialogs\SaveDialogue.xaml.cs;Views\Dialogs\ProjectStatsDialogue.xaml.cs;Views\Pages\Settings\AboutPage.xaml.cs;Views\Pages\Settings\GeneralPage.xaml.cs;Views\Pages\Settings\AccessibilityPage.xaml.cs;Views\Pages\Settings\PersonalizationPage.xaml.cs;Resources\Strings.cs;Helpers\NotificationManager.cs;Helpers\SpeakerResolver.cs;Helpers\BranchingDialogueExportHelper.cs;Services\ExportService.cs;Helpers\ShortcutManager.cs;DataStructures\PartialStack.cs;Helpers\TimeTravelSystem.cs;Helpers\UndoRedoManager.cs;Services\Modes\IEditorMode.cs;Services\Modes\ModeChromeConfig.cs;Services\Modes\EditorModeService.cs;Services\Modes\Impl\EditMode.cs;Services\Modes\Impl\FocusMode.cs;Services\Modes\Impl\ReadOnlyMode.cs;Services\RecoveryService.cs;Models\Character.cs;Models\BranchingDialogueModels.cs;Views\Pages\SettingsPage.xaml.cs;Models\Dialogue.cs;Helpers\MicrosoftStoreFunctions.cs;Helpers\TextHighlighter.cs;Views\Controls\MainCommandBar.xaml.cs;Services\ProjectPersistenceService.cs;Services\Persistence\DocumentPersistenceHandlerBase.cs;Services\Persistence\PlainTextDocumentPersistenceHandler.cs;Services\Persistence\StorylinesDocumentPersistenceHandler.cs;Views\Pages\MainPage.xaml.cs;Properties\AssemblyInfo.cs;Models\Chapter.cs;Services\SettingsValues.cs;Services\ThemeSettings.cs;Services\BranchingDialogueEventPublisher.cs;Services\BranchingDialogueService.cs;Services\AppCenterTelemetryProvider.cs;Services\ProjectStateBranchingDialogueStore.cs;Services\ServiceConfiguration.cs;Services\TelemetryEventPropertyBuilder.cs;Services\TelemetryService.cs;Services\DebugLogger.cs;Services\EventAggregator.cs;Services\FileService.cs;Services\Interfaces\IBranchingDialogueEventPublisher.cs;Services\Interfaces\IBranchingDialogueService.cs;Services\Interfaces\IBranchingDialogueStore.cs;Services\Interfaces\ILogger.cs;Services\Interfaces\INotificationService.cs;Services\Interfaces\ITelemetryProvider.cs;Services\Interfaces\ITelemetryService.cs;Services\Interfaces\ISaveSerializer.cs;Services\Interfaces\IProjectPersistenceService.cs;Services\Interfaces\IFileService.cs;Services\Interfaces\INavigationService.cs;Services\Interfaces\ITextEditorService.cs;Services\Interfaces\IDialogService.cs;Services\Interfaces\IChapterWorkflowService.cs;Services\NavigationService.cs;Services\TextEditorService.cs;Services\DialogService.cs;Services\ChapterWorkflowService.cs;Services\Serializers\JsonSaveSerializer.cs;Services\Serializers\LegacySrlSerializer.cs;Models\ProjectData.cs;Models\ProjectFile.cs;Models\ProjectState.cs;Views\Controls\ChapterNotesPane.xaml.cs;Views\Controls\WelcomePanel.xaml.cs;ViewModels\AppViewModel.cs;ViewModels\BranchingDialogueViewModel.cs;ViewModels\MainPageViewModel.cs;ViewModels\ChaptersListViewModel.cs;ViewModels\CharactersPageViewModel.cs;ViewModels\CommandBarViewModel.cs;ViewModels\Modes\FocusModeViewModel.cs;Converters\EmptyStringToCollapsedConverter.cs;Converters\ChapterStatusToColorConverter.cs;Constants\LayoutConstants.cs;Models\CharacterDialoguePreview.cs;Services\WritingSessionService.cs;Services\ChapterTagsService.cs;Views\Controls\Modes\FocusModeOverlay.xaml.cs;Views\Controls\Modes\ReadOnlyModeOverlay.xaml.cs;Views\Dialogs\ChapterTagsDialogue.xaml.cs;Views\Dialogs\GlobalSearchDialogue.xaml.cs;Views\Dialogs\ModePickerDialogue.xaml.cs;Views\Dialogs\WritingPromptsDialogue.xaml.cs;Views\Pages\StoryPinboardPage.xaml.cs;Views\Pages\BranchingDialoguePage.xaml.cs;Views\Controls\BranchingDialogueCanvasControl.xaml.cs;Views\Controls\DialogueSimulatorControl.xaml.cs;C:\Users\Dominik\Projects\storylines\src\Storylines\obj\x64\Debug\App.g.i.cs;C:\Users\Dominik\Projects\storylines\src\Storylines\obj\x64\Debug\App.g.cs;C:\Users\Dominik\Projects\storylines\src\Storylines\obj\x64\Debug\AppView.g.i.cs;C:\Users\Dominik\Projects\storylines\src\Storylines\obj\x64\Debug\AppView.g.cs;C:\Users\Dominik\Projects\storylines\src\Storylines\obj\x64\Debug\Views\Controls\SymbolButton.g.i.cs;C:\Users\Dominik\Projects\storylines\src\Storylines\obj\x64\Debug\Views\Controls\SymbolButton.g.cs;C:\Users\Dominik\Projects\storylines\src\Storylines\obj\x64\Debug\Views\Controls\ShortcutLineControl.g.i.cs;C:\Users\Dominik\Projects\storylines\src\Storylines\obj\x64\Debug\Views\Controls\ShortcutLineControl.g.cs;C:\Users\Dominik\Projects\storylines\src\Storylines\obj\x64\Debug\Views\Controls\WhatsNextBanner.g.i.cs;C:\Users\Dominik\Projects\storylines\src\Storylines\obj\x64\Debug\Views\Controls\WhatsNextBanner.g.cs;C:\Users\Dominik\Projects\storylines\src\Storylines\obj\x64\Debug\Views\Dialogs\ProjectRenamerDialogue.g.i.cs;C:\Users\Dominik\Projects\storylines\src\Storylines\obj\x64\Debug\Views\Dialogs\ProjectRenamerDialogue.g.cs;C:\Users\Dominik\Projects\storylines\src\Storylines\obj\x64\Debug\Views\Dialogs\ShortcutsDialogue.g.i.cs;C:\Users\Dominik\Projects\storylines\src\Storylines\obj\x64\Debug\Views\Dialogs\ShortcutsDialogue.g.cs;C:\Users\Dominik\Projects\storylines\src\Storylines\obj\x64\Debug\Views\Pages\CharactersPage.g.i.cs;C:\Users\Dominik\Projects\storylines\src\Storylines\obj\x64\Debug\Views\Pages\CharactersPage.g.cs;C:\Users\Dominik\Projects\storylines\src\Storylines\obj\x64\Debug\Views\Pages\BranchingDialoguePage.g.i.cs;C:\Users\Dominik\Projects\storylines\src\Storylines\obj\x64\Debug\Views\Pages\BranchingDialoguePage.g.cs;C:\Users\Dominik\Projects\storylines\src\Storylines\obj\x64\Debug\Views\Controls\BranchingDialogueCanvasControl.g.i.cs;C:\Users\Dominik\Projects\storylines\src\Storylines\obj\x64\Debug\Views\Controls\BranchingDialogueCanvasControl.g.cs;C:\Users\Dominik\Projects\storylines\src\Storylines\obj\x64\Debug\Views\Controls\DialogueSimulatorControl.g.i.cs;C:\Users\Dominik\Projects\storylines\src\Storylines\obj\x64\Debug\Views\Controls\DialogueSimulatorControl.g.cs;C:\Users\Dominik\Projects\storylines\src\Storylines\obj\x64\Debug\Views\Controls\ChaptersList.g.i.cs;C:\Users\Dominik\Projects\storylines\src\Storylines\obj\x64\Debug\Views\Controls\ChaptersList.g.cs;C:\Users\Dominik\Projects\storylines\src\Storylines\obj\x64\Debug\Views\Controls\ChapterTextBox.g.i.cs;C:\Users\Dominik\Projects\storylines\src\Storylines\obj\x64\Debug\Views\Controls\ChapterTextBox.g.cs;C:\Users\Dominik\Projects\storylines\src\Storylines\obj\x64\Debug\Views\Dialogs\ChapterCreatorOrRenamer.g.i.cs;C:\Users\Dominik\Projects\storylines\src\Storylines\obj\x64\Debug\Views\Dialogs\ChapterCreatorOrRenamer.g.cs;C:\Users\Dominik\Projects\storylines\src\Storylines\obj\x64\Debug\Views\Dialogs\ExportDialogue.g.i.cs;C:\Users\Dominik\Projects\storylines\src\Storylines\obj\x64\Debug\Views\Dialogs\ExportDialogue.g.cs;C:\Users\Dominik\Projects\storylines\src\Storylines\obj\x64\Debug\Views\Dialogs\LoadProjectDialogue.g.i.cs;C:\Users\Dominik\Projects\storylines\src\Storylines\obj\x64\Debug\Views\Dialogs\LoadProjectDialogue.g.cs;C:\Users\Dominik\Projects\storylines\src\Storylines\obj\x64\Debug\Views\Dialogs\SaveDialogue.g.i.cs;C:\Users\Dominik\Projects\storylines\src\Storylines\obj\x64\Debug\Views\Dialogs\SaveDialogue.g.cs;C:\Users\Dominik\Projects\storylines\src\Storylines\obj\x64\Debug\Views\Dialogs\ProjectStatsDialogue.g.i.cs;C:\Users\Dominik\Projects\storylines\src\Storylines\obj\x64\Debug\Views\Dialogs\ProjectStatsDialogue.g.cs;C:\Users\Dominik\Projects\storylines\src\Storylines\obj\x64\Debug\Views\Controls\MainCommandBar.g.i.cs;C:\Users\Dominik\Projects\storylines\src\Storylines\obj\x64\Debug\Views\Controls\MainCommandBar.g.cs;C:\Users\Dominik\Projects\storylines\src\Storylines\obj\x64\Debug\Views\Controls\Modes\FocusModeOverlay.g.i.cs;C:\Users\Dominik\Projects\storylines\src\Storylines\obj\x64\Debug\Views\Controls\Modes\FocusModeOverlay.g.cs;C:\Users\Dominik\Projects\storylines\src\Storylines\obj\x64\Debug\Views\Controls\Modes\ReadOnlyModeOverlay.g.i.cs;C:\Users\Dominik\Projects\storylines\src\Storylines\obj\x64\Debug\Views\Controls\Modes\ReadOnlyModeOverlay.g.cs;C:\Users\Dominik\Projects\storylines\src\Storylines\obj\x64\Debug\Views\Pages\MainPage.g.i.cs;C:\Users\Dominik\Projects\storylines\src\Storylines\obj\x64\Debug\Views\Pages\MainPage.g.cs;C:\Users\Dominik\Projects\storylines\src\Storylines\obj\x64\Debug\Views\Pages\SettingsPage.g.i.cs;C:\Users\Dominik\Projects\storylines\src\Storylines\obj\x64\Debug\Views\Pages\SettingsPage.g.cs;C:\Users\Dominik\Projects\storylines\src\Storylines\obj\x64\Debug\Views\Pages\Settings\AboutPage.g.i.cs;C:\Users\Dominik\Projects\storylines\src\Storylines\obj\x64\Debug\Views\Pages\Settings\AboutPage.g.cs;C:\Users\Dominik\Projects\storylines\src\Storylines\obj\x64\Debug\Views\Pages\Settings\GeneralPage.g.i.cs;C:\Users\Dominik\Projects\storylines\src\Storylines\obj\x64\Debug\Views\Pages\Settings\GeneralPage.g.cs;C:\Users\Dominik\Projects\storylines\src\Storylines\obj\x64\Debug\Views\Pages\Settings\AccessibilityPage.g.i.cs;C:\Users\Dominik\Projects\storylines\src\Storylines\obj\x64\Debug\Views\Pages\Settings\AccessibilityPage.g.cs;C:\Users\Dominik\Projects\storylines\src\Storylines\obj\x64\Debug\Views\Pages\Settings\PersonalizationPage.g.i.cs;C:\Users\Dominik\Projects\storylines\src\Storylines\obj\x64\Debug\Views\Pages\Settings\PersonalizationPage.g.cs;C:\Users\Dominik\Projects\storylines\src\Storylines\obj\x64\Debug\Views\Controls\ChapterNotesPane.g.i.cs;C:\Users\Dominik\Projects\storylines\src\Storylines\obj\x64\Debug\Views\Controls\ChapterNotesPane.g.cs;C:\Users\Dominik\Projects\storylines\src\Storylines\obj\x64\Debug\Views\Controls\WelcomePanel.g.i.cs;C:\Users\Dominik\Projects\storylines\src\Storylines\obj\x64\Debug\Views\Controls\WelcomePanel.g.cs;C:\Users\Dominik\Projects\storylines\src\Storylines\obj\x64\Debug\Views\Pages\StoryPinboardPage.g.i.cs;C:\Users\Dominik\Projects\storylines\src\Storylines\obj\x64\Debug\Views\Pages\StoryPinboardPage.g.cs;C:\Users\Dominik\Projects\storylines\src\Storylines\obj\x64\Debug\Views\Dialogs\ChapterTagsDialogue.g.i.cs;C:\Users\Dominik\Projects\storylines\src\Storylines\obj\x64\Debug\Views\Dialogs\ChapterTagsDialogue.g.cs;C:\Users\Dominik\Projects\storylines\src\Storylines\obj\x64\Debug\Views\Dialogs\GlobalSearchDialogue.g.i.cs;C:\Users\Dominik\Projects\storylines\src\Storylines\obj\x64\Debug\Views\Dialogs\GlobalSearchDialogue.g.cs;C:\Users\Dominik\Projects\storylines\src\Storylines\obj\x64\Debug\Views\Dialogs\ModePickerDialogue.g.i.cs;C:\Users\Dominik\Projects\storylines\src\Storylines\obj\x64\Debug\Views\Dialogs\ModePickerDialogue.g.cs;C:\Users\Dominik\Projects\storylines\src\Storylines\obj\x64\Debug\Views\Dialogs\WritingPromptsDialogue.g.i.cs;C:\Users\Dominik\Projects\storylines\src\Storylines\obj\x64\Debug\Views\Dialogs\WritingPromptsDialogue.g.cs;C:\Users\Dominik\Projects\storylines\src\Storylines\obj\x64\Debug\XamlTypeInfo.g.cs'
XamlPreCompile:
Skipping target "XamlPreCompile" because all output files are up-to-date with respect to the input files.
MarkupCompilePass2:
  (Out) GeneratedCodeFiles: 'C:\Users\Dominik\Projects\storylines\src\Storylines\obj\x64\Debug\App.g.i.cs;C:\Users\Dominik\Projects\storylines\src\Storylines\obj\x64\Debug\App.g.cs;C:\Users\Dominik\Projects\storylines\src\Storylines\obj\x64\Debug\AppView.g.i.cs;C:\Users\Dominik\Projects\storylines\src\Storylines\obj\x64\Debug\AppView.g.cs;C:\Users\Dominik\Projects\storylines\src\Storylines\obj\x64\Debug\Views\Controls\SymbolButton.g.i.cs;C:\Users\Dominik\Projects\storylines\src\Storylines\obj\x64\Debug\Views\Controls\SymbolButton.g.cs;C:\Users\Dominik\Projects\storylines\src\Storylines\obj\x64\Debug\Views\Controls\ShortcutLineControl.g.i.cs;C:\Users\Dominik\Projects\storylines\src\Storylines\obj\x64\Debug\Views\Controls\ShortcutLineControl.g.cs;C:\Users\Dominik\Projects\storylines\src\Storylines\obj\x64\Debug\Views\Controls\WhatsNextBanner.g.i.cs;C:\Users\Dominik\Projects\storylines\src\Storylines\obj\x64\Debug\Views\Controls\WhatsNextBanner.g.cs;C:\Users\Dominik\Projects\storylines\src\Storylines\obj\x64\Debug\Views\Dialogs\ProjectRenamerDialogue.g.i.cs;C:\Users\Dominik\Projects\storylines\src\Storylines\obj\x64\Debug\Views\Dialogs\ProjectRenamerDialogue.g.cs;C:\Users\Dominik\Projects\storylines\src\Storylines\obj\x64\Debug\Views\Dialogs\ShortcutsDialogue.g.i.cs;C:\Users\Dominik\Projects\storylines\src\Storylines\obj\x64\Debug\Views\Dialogs\ShortcutsDialogue.g.cs;C:\Users\Dominik\Projects\storylines\src\Storylines\obj\x64\Debug\Views\Pages\CharactersPage.g.i.cs;C:\Users\Dominik\Projects\storylines\src\Storylines\obj\x64\Debug\Views\Pages\CharactersPage.g.cs;C:\Users\Dominik\Projects\storylines\src\Storylines\obj\x64\Debug\Views\Pages\BranchingDialoguePage.g.i.cs;C:\Users\Dominik\Projects\storylines\src\Storylines\obj\x64\Debug\Views\Pages\BranchingDialoguePage.g.cs;C:\Users\Dominik\Projects\storylines\src\Storylines\obj\x64\Debug\Views\Controls\BranchingDialogueCanvasControl.g.i.cs;C:\Users\Dominik\Projects\storylines\src\Storylines\obj\x64\Debug\Views\Controls\BranchingDialogueCanvasControl.g.cs;C:\Users\Dominik\Projects\storylines\src\Storylines\obj\x64\Debug\Views\Controls\DialogueSimulatorControl.g.i.cs;C:\Users\Dominik\Projects\storylines\src\Storylines\obj\x64\Debug\Views\Controls\DialogueSimulatorControl.g.cs;C:\Users\Dominik\Projects\storylines\src\Storylines\obj\x64\Debug\Views\Controls\ChaptersList.g.i.cs;C:\Users\Dominik\Projects\storylines\src\Storylines\obj\x64\Debug\Views\Controls\ChaptersList.g.cs;C:\Users\Dominik\Projects\storylines\src\Storylines\obj\x64\Debug\Views\Controls\ChapterTextBox.g.i.cs;C:\Users\Dominik\Projects\storylines\src\Storylines\obj\x64\Debug\Views\Controls\ChapterTextBox.g.cs;C:\Users\Dominik\Projects\storylines\src\Storylines\obj\x64\Debug\Views\Dialogs\ChapterCreatorOrRenamer.g.i.cs;C:\Users\Dominik\Projects\storylines\src\Storylines\obj\x64\Debug\Views\Dialogs\ChapterCreatorOrRenamer.g.cs;C:\Users\Dominik\Projects\storylines\src\Storylines\obj\x64\Debug\Views\Dialogs\ExportDialogue.g.i.cs;C:\Users\Dominik\Projects\storylines\src\Storylines\obj\x64\Debug\Views\Dialogs\ExportDialogue.g.cs;C:\Users\Dominik\Projects\storylines\src\Storylines\obj\x64\Debug\Views\Dialogs\LoadProjectDialogue.g.i.cs;C:\Users\Dominik\Projects\storylines\src\Storylines\obj\x64\Debug\Views\Dialogs\LoadProjectDialogue.g.cs;C:\Users\Dominik\Projects\storylines\src\Storylines\obj\x64\Debug\Views\Dialogs\SaveDialogue.g.i.cs;C:\Users\Dominik\Projects\storylines\src\Storylines\obj\x64\Debug\Views\Dialogs\SaveDialogue.g.cs;C:\Users\Dominik\Projects\storylines\src\Storylines\obj\x64\Debug\Views\Dialogs\ProjectStatsDialogue.g.i.cs;C:\Users\Dominik\Projects\storylines\src\Storylines\obj\x64\Debug\Views\Dialogs\ProjectStatsDialogue.g.cs;C:\Users\Dominik\Projects\storylines\src\Storylines\obj\x64\Debug\Views\Controls\MainCommandBar.g.i.cs;C:\Users\Dominik\Projects\storylines\src\Storylines\obj\x64\Debug\Views\Controls\MainCommandBar.g.cs;C:\Users\Dominik\Projects\storylines\src\Storylines\obj\x64\Debug\Views\Controls\Modes\FocusModeOverlay.g.i.cs;C:\Users\Dominik\Projects\storylines\src\Storylines\obj\x64\Debug\Views\Controls\Modes\FocusModeOverlay.g.cs;C:\Users\Dominik\Projects\storylines\src\Storylines\obj\x64\Debug\Views\Controls\Modes\ReadOnlyModeOverlay.g.i.cs;C:\Users\Dominik\Projects\storylines\src\Storylines\obj\x64\Debug\Views\Controls\Modes\ReadOnlyModeOverlay.g.cs;C:\Users\Dominik\Projects\storylines\src\Storylines\obj\x64\Debug\Views\Pages\MainPage.g.i.cs;C:\Users\Dominik\Projects\storylines\src\Storylines\obj\x64\Debug\Views\Pages\MainPage.g.cs;C:\Users\Dominik\Projects\storylines\src\Storylines\obj\x64\Debug\Views\Pages\SettingsPage.g.i.cs;C:\Users\Dominik\Projects\storylines\src\Storylines\obj\x64\Debug\Views\Pages\SettingsPage.g.cs;C:\Users\Dominik\Projects\storylines\src\Storylines\obj\x64\Debug\Views\Pages\Settings\AboutPage.g.i.cs;C:\Users\Dominik\Projects\storylines\src\Storylines\obj\x64\Debug\Views\Pages\Settings\AboutPage.g.cs;C:\Users\Dominik\Projects\storylines\src\Storylines\obj\x64\Debug\Views\Pages\Settings\GeneralPage.g.i.cs;C:\Users\Dominik\Projects\storylines\src\Storylines\obj\x64\Debug\Views\Pages\Settings\GeneralPage.g.cs;C:\Users\Dominik\Projects\storylines\src\Storylines\obj\x64\Debug\Views\Pages\Settings\AccessibilityPage.g.i.cs;C:\Users\Dominik\Projects\storylines\src\Storylines\obj\x64\Debug\Views\Pages\Settings\AccessibilityPage.g.cs;C:\Users\Dominik\Projects\storylines\src\Storylines\obj\x64\Debug\Views\Pages\Settings\PersonalizationPage.g.i.cs;C:\Users\Dominik\Projects\storylines\src\Storylines\obj\x64\Debug\Views\Pages\Settings\PersonalizationPage.g.cs;C:\Users\Dominik\Projects\storylines\src\Storylines\obj\x64\Debug\Views\Controls\ChapterNotesPane.g.i.cs;C:\Users\Dominik\Projects\storylines\src\Storylines\obj\x64\Debug\Views\Controls\ChapterNotesPane.g.cs;C:\Users\Dominik\Projects\storylines\src\Storylines\obj\x64\Debug\Views\Controls\WelcomePanel.g.i.cs;C:\Users\Dominik\Projects\storylines\src\Storylines\obj\x64\Debug\Views\Controls\WelcomePanel.g.cs;C:\Users\Dominik\Projects\storylines\src\Storylines\obj\x64\Debug\Views\Pages\StoryPinboardPage.g.i.cs;C:\Users\Dominik\Projects\storylines\src\Storylines\obj\x64\Debug\Views\Pages\StoryPinboardPage.g.cs;C:\Users\Dominik\Projects\storylines\src\Storylines\obj\x64\Debug\Views\Dialogs\ChapterTagsDialogue.g.i.cs;C:\Users\Dominik\Projects\storylines\src\Storylines\obj\x64\Debug\Views\Dialogs\ChapterTagsDialogue.g.cs;C:\Users\Dominik\Projects\storylines\src\Storylines\obj\x64\Debug\Views\Dialogs\GlobalSearchDialogue.g.i.cs;C:\Users\Dominik\Projects\storylines\src\Storylines\obj\x64\Debug\Views\Dialogs\GlobalSearchDialogue.g.cs;C:\Users\Dominik\Projects\storylines\src\Storylines\obj\x64\Debug\Views\Dialogs\ModePickerDialogue.g.i.cs;C:\Users\Dominik\Projects\storylines\src\Storylines\obj\x64\Debug\Views\Dialogs\ModePickerDialogue.g.cs;C:\Users\Dominik\Projects\storylines\src\Storylines\obj\x64\Debug\Views\Dialogs\WritingPromptsDialogue.g.i.cs;C:\Users\Dominik\Projects\storylines\src\Storylines\obj\x64\Debug\Views\Dialogs\WritingPromptsDialogue.g.cs;C:\Users\Dominik\Projects\storylines\src\Storylines\obj\x64\Debug\XamlTypeInfo.g.cs'
  (Out) GeneratedXamlFiles: 'C:\Users\Dominik\Projects\storylines\src\Storylines\obj\x64\Debug\App.xaml;C:\Users\Dominik\Projects\storylines\src\Storylines\obj\x64\Debug\AppView.xaml;C:\Users\Dominik\Projects\storylines\src\Storylines\obj\x64\Debug\Views\Controls\SymbolButton.xaml;C:\Users\Dominik\Projects\storylines\src\Storylines\obj\x64\Debug\Views\Controls\ShortcutLineControl.xaml;C:\Users\Dominik\Projects\storylines\src\Storylines\obj\x64\Debug\Views\Controls\WhatsNextBanner.xaml;C:\Users\Dominik\Projects\storylines\src\Storylines\obj\x64\Debug\Views\Dialogs\ProjectRenamerDialogue.xaml;C:\Users\Dominik\Projects\storylines\src\Storylines\obj\x64\Debug\Views\Dialogs\ShortcutsDialogue.xaml;C:\Users\Dominik\Projects\storylines\src\Storylines\obj\x64\Debug\Views\Pages\CharactersPage.xaml;C:\Users\Dominik\Projects\storylines\src\Storylines\obj\x64\Debug\Views\Pages\BranchingDialoguePage.xaml;C:\Users\Dominik\Projects\storylines\src\Storylines\obj\x64\Debug\Views\Controls\BranchingDialogueCanvasControl.xaml;C:\Users\Dominik\Projects\storylines\src\Storylines\obj\x64\Debug\Views\Controls\DialogueSimulatorControl.xaml;C:\Users\Dominik\Projects\storylines\src\Storylines\obj\x64\Debug\Views\Controls\ChaptersList.xaml;C:\Users\Dominik\Projects\storylines\src\Storylines\obj\x64\Debug\Views\Controls\ChapterTextBox.xaml;C:\Users\Dominik\Projects\storylines\src\Storylines\obj\x64\Debug\Views\Dialogs\ChapterCreatorOrRenamer.xaml;C:\Users\Dominik\Projects\storylines\src\Storylines\obj\x64\Debug\Views\Dialogs\ExportDialogue.xaml;C:\Users\Dominik\Projects\storylines\src\Storylines\obj\x64\Debug\Views\Dialogs\LoadProjectDialogue.xaml;C:\Users\Dominik\Projects\storylines\src\Storylines\obj\x64\Debug\Views\Dialogs\SaveDialogue.xaml;C:\Users\Dominik\Projects\storylines\src\Storylines\obj\x64\Debug\Views\Dialogs\ProjectStatsDialogue.xaml;C:\Users\Dominik\Projects\storylines\src\Storylines\obj\x64\Debug\Views\Controls\MainCommandBar.xaml;C:\Users\Dominik\Projects\storylines\src\Storylines\obj\x64\Debug\Views\Controls\Modes\FocusModeOverlay.xaml;C:\Users\Dominik\Projects\storylines\src\Storylines\obj\x64\Debug\Views\Controls\Modes\ReadOnlyModeOverlay.xaml;C:\Users\Dominik\Projects\storylines\src\Storylines\obj\x64\Debug\Views\Pages\MainPage.xaml;C:\Users\Dominik\Projects\storylines\src\Storylines\obj\x64\Debug\Resources\ResourceDictionaries\CustomExpanderStyle.xaml;C:\Users\Dominik\Projects\storylines\src\Storylines\obj\x64\Debug\Resources\ResourceDictionaries\MainStyleDictionary.xaml;C:\Users\Dominik\Projects\storylines\src\Storylines\obj\x64\Debug\Views\Pages\SettingsPage.xaml;C:\Users\Dominik\Projects\storylines\src\Storylines\obj\x64\Debug\Views\Pages\Settings\AboutPage.xaml;C:\Users\Dominik\Projects\storylines\src\Storylines\obj\x64\Debug\Views\Pages\Settings\GeneralPage.xaml;C:\Users\Dominik\Projects\storylines\src\Storylines\obj\x64\Debug\Views\Pages\Settings\AccessibilityPage.xaml;C:\Users\Dominik\Projects\storylines\src\Storylines\obj\x64\Debug\Views\Pages\Settings\PersonalizationPage.xaml;C:\Users\Dominik\Projects\storylines\src\Storylines\obj\x64\Debug\Resources\ResourceDictionaries\RightAlignedToggleSwitchStyle.xaml;C:\Users\Dominik\Projects\storylines\src\Storylines\obj\x64\Debug\Resources\ResourceDictionaries\MainRichTextBoxStyle.xaml;C:\Users\Dominik\Projects\storylines\src\Storylines\obj\x64\Debug\Views\Controls\ChapterNotesPane.xaml;C:\Users\Dominik\Projects\storylines\src\Storylines\obj\x64\Debug\Views\Controls\WelcomePanel.xaml;C:\Users\Dominik\Projects\storylines\src\Storylines\obj\x64\Debug\Views\Pages\StoryPinboardPage.xaml;C:\Users\Dominik\Projects\storylines\src\Storylines\obj\x64\Debug\Views\Dialogs\ChapterTagsDialogue.xaml;C:\Users\Dominik\Projects\storylines\src\Storylines\obj\x64\Debug\Views\Dialogs\GlobalSearchDialogue.xaml;C:\Users\Dominik\Projects\storylines\src\Storylines\obj\x64\Debug\Views\Dialogs\ModePickerDialogue.xaml;C:\Users\Dominik\Projects\storylines\src\Storylines\obj\x64\Debug\Views\Dialogs\WritingPromptsDialogue.xaml;C:\Users\Dominik\Projects\storylines\src\Storylines\obj\x64\Debug\App.xaml;C:\Users\Dominik\Projects\storylines\src\Storylines\obj\x64\Debug\AppView.xaml;C:\Users\Dominik\Projects\storylines\src\Storylines\obj\x64\Debug\Views\Controls\SymbolButton.xaml;C:\Users\Dominik\Projects\storylines\src\Storylines\obj\x64\Debug\Views\Controls\ShortcutLineControl.xaml;C:\Users\Dominik\Projects\storylines\src\Storylines\obj\x64\Debug\Views\Controls\WhatsNextBanner.xaml;C:\Users\Dominik\Projects\storylines\src\Storylines\obj\x64\Debug\Views\Dialogs\ProjectRenamerDialogue.xaml;C:\Users\Dominik\Projects\storylines\src\Storylines\obj\x64\Debug\Views\Dialogs\ShortcutsDialogue.xaml;C:\Users\Dominik\Projects\storylines\src\Storylines\obj\x64\Debug\Views\Pages\CharactersPage.xaml;C:\Users\Dominik\Projects\storylines\src\Storylines\obj\x64\Debug\Views\Pages\BranchingDialoguePage.xaml;C:\Users\Dominik\Projects\storylines\src\Storylines\obj\x64\Debug\Views\Controls\BranchingDialogueCanvasControl.xaml;C:\Users\Dominik\Projects\storylines\src\Storylines\obj\x64\Debug\Views\Controls\DialogueSimulatorControl.xaml;C:\Users\Dominik\Projects\storylines\src\Storylines\obj\x64\Debug\Views\Controls\ChaptersList.xaml;C:\Users\Dominik\Projects\storylines\src\Storylines\obj\x64\Debug\Views\Controls\ChapterTextBox.xaml;C:\Users\Dominik\Projects\storylines\src\Storylines\obj\x64\Debug\Views\Dialogs\ChapterCreatorOrRenamer.xaml;C:\Users\Dominik\Projects\storylines\src\Storylines\obj\x64\Debug\Views\Dialogs\ExportDialogue.xaml;C:\Users\Dominik\Projects\storylines\src\Storylines\obj\x64\Debug\Views\Dialogs\LoadProjectDialogue.xaml;C:\Users\Dominik\Projects\storylines\src\Storylines\obj\x64\Debug\Views\Dialogs\SaveDialogue.xaml;C:\Users\Dominik\Projects\storylines\src\Storylines\obj\x64\Debug\Views\Dialogs\ProjectStatsDialogue.xaml;C:\Users\Dominik\Projects\storylines\src\Storylines\obj\x64\Debug\Views\Controls\MainCommandBar.xaml;C:\Users\Dominik\Projects\storylines\src\Storylines\obj\x64\Debug\Views\Controls\Modes\FocusModeOverlay.xaml;C:\Users\Dominik\Projects\storylines\src\Storylines\obj\x64\Debug\Views\Controls\Modes\ReadOnlyModeOverlay.xaml;C:\Users\Dominik\Projects\storylines\src\Storylines\obj\x64\Debug\Views\Pages\MainPage.xaml;C:\Users\Dominik\Projects\storylines\src\Storylines\obj\x64\Debug\Resources\ResourceDictionaries\CustomExpanderStyle.xaml;C:\Users\Dominik\Projects\storylines\src\Storylines\obj\x64\Debug\Resources\ResourceDictionaries\MainStyleDictionary.xaml;C:\Users\Dominik\Projects\storylines\src\Storylines\obj\x64\Debug\Views\Pages\SettingsPage.xaml;C:\Users\Dominik\Projects\storylines\src\Storylines\obj\x64\Debug\Views\Pages\Settings\AboutPage.xaml;C:\Users\Dominik\Projects\storylines\src\Storylines\obj\x64\Debug\Views\Pages\Settings\GeneralPage.xaml;C:\Users\Dominik\Projects\storylines\src\Storylines\obj\x64\Debug\Views\Pages\Settings\AccessibilityPage.xaml;C:\Users\Dominik\Projects\storylines\src\Storylines\obj\x64\Debug\Views\Pages\Settings\PersonalizationPage.xaml;C:\Users\Dominik\Projects\storylines\src\Storylines\obj\x64\Debug\Resources\ResourceDictionaries\RightAlignedToggleSwitchStyle.xaml;C:\Users\Dominik\Projects\storylines\src\Storylines\obj\x64\Debug\Resources\ResourceDictionaries\MainRichTextBoxStyle.xaml;C:\Users\Dominik\Projects\storylines\src\Storylines\obj\x64\Debug\Views\Controls\ChapterNotesPane.xaml;C:\Users\Dominik\Projects\storylines\src\Storylines\obj\x64\Debug\Views\Controls\WelcomePanel.xaml;C:\Users\Dominik\Projects\storylines\src\Storylines\obj\x64\Debug\Views\Pages\StoryPinboardPage.xaml;C:\Users\Dominik\Projects\storylines\src\Storylines\obj\x64\Debug\Views\Dialogs\ChapterTagsDialogue.xaml;C:\Users\Dominik\Projects\storylines\src\Storylines\obj\x64\Debug\Views\Dialogs\GlobalSearchDialogue.xaml;C:\Users\Dominik\Projects\storylines\src\Storylines\obj\x64\Debug\Views\Dialogs\ModePickerDialogue.xaml;C:\Users\Dominik\Projects\storylines\src\Storylines\obj\x64\Debug\Views\Dialogs\WritingPromptsDialogue.xaml'
  (Out) GeneratedXbfFiles: 'C:\Users\Dominik\Projects\storylines\src\Storylines\obj\x64\Debug\App.xbf;C:\Users\Dominik\Projects\storylines\src\Storylines\obj\x64\Debug\AppView.xbf;C:\Users\Dominik\Projects\storylines\src\Storylines\obj\x64\Debug\Views\Controls\SymbolButton.xbf;C:\Users\Dominik\Projects\storylines\src\Storylines\obj\x64\Debug\Views\Controls\ShortcutLineControl.xbf;C:\Users\Dominik\Projects\storylines\src\Storylines\obj\x64\Debug\Views\Controls\WhatsNextBanner.xbf;C:\Users\Dominik\Projects\storylines\src\Storylines\obj\x64\Debug\Views\Dialogs\ProjectRenamerDialogue.xbf;C:\Users\Dominik\Projects\storylines\src\Storylines\obj\x64\Debug\Views\Dialogs\ShortcutsDialogue.xbf;C:\Users\Dominik\Projects\storylines\src\Storylines\obj\x64\Debug\Views\Pages\CharactersPage.xbf;C:\Users\Dominik\Projects\storylines\src\Storylines\obj\x64\Debug\Views\Pages\BranchingDialoguePage.xbf;C:\Users\Dominik\Projects\storylines\src\Storylines\obj\x64\Debug\Views\Controls\BranchingDialogueCanvasControl.xbf;C:\Users\Dominik\Projects\storylines\src\Storylines\obj\x64\Debug\Views\Controls\DialogueSimulatorControl.xbf;C:\Users\Dominik\Projects\storylines\src\Storylines\obj\x64\Debug\Views\Controls\ChaptersList.xbf;C:\Users\Dominik\Projects\storylines\src\Storylines\obj\x64\Debug\Views\Controls\ChapterTextBox.xbf;C:\Users\Dominik\Projects\storylines\src\Storylines\obj\x64\Debug\Views\Dialogs\ChapterCreatorOrRenamer.xbf;C:\Users\Dominik\Projects\storylines\src\Storylines\obj\x64\Debug\Views\Dialogs\ExportDialogue.xbf;C:\Users\Dominik\Projects\storylines\src\Storylines\obj\x64\Debug\Views\Dialogs\LoadProjectDialogue.xbf;C:\Users\Dominik\Projects\storylines\src\Storylines\obj\x64\Debug\Views\Dialogs\SaveDialogue.xbf;C:\Users\Dominik\Projects\storylines\src\Storylines\obj\x64\Debug\Views\Dialogs\ProjectStatsDialogue.xbf;C:\Users\Dominik\Projects\storylines\src\Storylines\obj\x64\Debug\Views\Controls\MainCommandBar.xbf;C:\Users\Dominik\Projects\storylines\src\Storylines\obj\x64\Debug\Views\Controls\Modes\FocusModeOverlay.xbf;C:\Users\Dominik\Projects\storylines\src\Storylines\obj\x64\Debug\Views\Controls\Modes\ReadOnlyModeOverlay.xbf;C:\Users\Dominik\Projects\storylines\src\Storylines\obj\x64\Debug\Views\Pages\MainPage.xbf;C:\Users\Dominik\Projects\storylines\src\Storylines\obj\x64\Debug\Resources\ResourceDictionaries\CustomExpanderStyle.xbf;C:\Users\Dominik\Projects\storylines\src\Storylines\obj\x64\Debug\Resources\ResourceDictionaries\MainStyleDictionary.xbf;C:\Users\Dominik\Projects\storylines\src\Storylines\obj\x64\Debug\Views\Pages\SettingsPage.xbf;C:\Users\Dominik\Projects\storylines\src\Storylines\obj\x64\Debug\Views\Pages\Settings\AboutPage.xbf;C:\Users\Dominik\Projects\storylines\src\Storylines\obj\x64\Debug\Views\Pages\Settings\GeneralPage.xbf;C:\Users\Dominik\Projects\storylines\src\Storylines\obj\x64\Debug\Views\Pages\Settings\AccessibilityPage.xbf;C:\Users\Dominik\Projects\storylines\src\Storylines\obj\x64\Debug\Views\Pages\Settings\PersonalizationPage.xbf;C:\Users\Dominik\Projects\storylines\src\Storylines\obj\x64\Debug\Resources\ResourceDictionaries\RightAlignedToggleSwitchStyle.xbf;C:\Users\Dominik\Projects\storylines\src\Storylines\obj\x64\Debug\Resources\ResourceDictionaries\MainRichTextBoxStyle.xbf;C:\Users\Dominik\Projects\storylines\src\Storylines\obj\x64\Debug\Views\Controls\ChapterNotesPane.xbf;C:\Users\Dominik\Projects\storylines\src\Storylines\obj\x64\Debug\Views\Controls\WelcomePanel.xbf;C:\Users\Dominik\Projects\storylines\src\Storylines\obj\x64\Debug\Views\Pages\StoryPinboardPage.xbf;C:\Users\Dominik\Projects\storylines\src\Storylines\obj\x64\Debug\Views\Dialogs\ChapterTagsDialogue.xbf;C:\Users\Dominik\Projects\storylines\src\Storylines\obj\x64\Debug\Views\Dialogs\GlobalSearchDialogue.xbf;C:\Users\Dominik\Projects\storylines\src\Storylines\obj\x64\Debug\Views\Dialogs\ModePickerDialogue.xbf;C:\Users\Dominik\Projects\storylines\src\Storylines\obj\x64\Debug\Views\Dialogs\WritingPromptsDialogue.xbf;C:\Users\Dominik\Projects\storylines\src\Storylines\obj\x64\Debug\App.xbf;C:\Users\Dominik\Projects\storylines\src\Storylines\obj\x64\Debug\AppView.xbf;C:\Users\Dominik\Projects\storylines\src\Storylines\obj\x64\Debug\Views\Controls\SymbolButton.xbf;C:\Users\Dominik\Projects\storylines\src\Storylines\obj\x64\Debug\Views\Controls\ShortcutLineControl.xbf;C:\Users\Dominik\Projects\storylines\src\Storylines\obj\x64\Debug\Views\Controls\WhatsNextBanner.xbf;C:\Users\Dominik\Projects\storylines\src\Storylines\obj\x64\Debug\Views\Dialogs\ProjectRenamerDialogue.xbf;C:\Users\Dominik\Projects\storylines\src\Storylines\obj\x64\Debug\Views\Dialogs\ShortcutsDialogue.xbf;C:\Users\Dominik\Projects\storylines\src\Storylines\obj\x64\Debug\Views\Pages\CharactersPage.xbf;C:\Users\Dominik\Projects\storylines\src\Storylines\obj\x64\Debug\Views\Pages\BranchingDialoguePage.xbf;C:\Users\Dominik\Projects\storylines\src\Storylines\obj\x64\Debug\Views\Controls\BranchingDialogueCanvasControl.xbf;C:\Users\Dominik\Projects\storylines\src\Storylines\obj\x64\Debug\Views\Controls\DialogueSimulatorControl.xbf;C:\Users\Dominik\Projects\storylines\src\Storylines\obj\x64\Debug\Views\Controls\ChaptersList.xbf;C:\Users\Dominik\Projects\storylines\src\Storylines\obj\x64\Debug\Views\Controls\ChapterTextBox.xbf;C:\Users\Dominik\Projects\storylines\src\Storylines\obj\x64\Debug\Views\Dialogs\ChapterCreatorOrRenamer.xbf;C:\Users\Dominik\Projects\storylines\src\Storylines\obj\x64\Debug\Views\Dialogs\ExportDialogue.xbf;C:\Users\Dominik\Projects\storylines\src\Storylines\obj\x64\Debug\Views\Dialogs\LoadProjectDialogue.xbf;C:\Users\Dominik\Projects\storylines\src\Storylines\obj\x64\Debug\Views\Dialogs\SaveDialogue.xbf;C:\Users\Dominik\Projects\storylines\src\Storylines\obj\x64\Debug\Views\Dialogs\ProjectStatsDialogue.xbf;C:\Users\Dominik\Projects\storylines\src\Storylines\obj\x64\Debug\Views\Controls\MainCommandBar.xbf;C:\Users\Dominik\Projects\storylines\src\Storylines\obj\x64\Debug\Views\Controls\Modes\FocusModeOverlay.xbf;C:\Users\Dominik\Projects\storylines\src\Storylines\obj\x64\Debug\Views\Controls\Modes\ReadOnlyModeOverlay.xbf;C:\Users\Dominik\Projects\storylines\src\Storylines\obj\x64\Debug\Views\Pages\MainPage.xbf;C:\Users\Dominik\Projects\storylines\src\Storylines\obj\x64\Debug\Resources\ResourceDictionaries\CustomExpanderStyle.xbf;C:\Users\Dominik\Projects\storylines\src\Storylines\obj\x64\Debug\Resources\ResourceDictionaries\MainStyleDictionary.xbf;C:\Users\Dominik\Projects\storylines\src\Storylines\obj\x64\Debug\Views\Pages\SettingsPage.xbf;C:\Users\Dominik\Projects\storylines\src\Storylines\obj\x64\Debug\Views\Pages\Settings\AboutPage.xbf;C:\Users\Dominik\Projects\storylines\src\Storylines\obj\x64\Debug\Views\Pages\Settings\GeneralPage.xbf;C:\Users\Dominik\Projects\storylines\src\Storylines\obj\x64\Debug\Views\Pages\Settings\AccessibilityPage.xbf;C:\Users\Dominik\Projects\storylines\src\Storylines\obj\x64\Debug\Views\Pages\Settings\PersonalizationPage.xbf;C:\Users\Dominik\Projects\storylines\src\Storylines\obj\x64\Debug\Resources\ResourceDictionaries\RightAlignedToggleSwitchStyle.xbf;C:\Users\Dominik\Projects\storylines\src\Storylines\obj\x64\Debug\Resources\ResourceDictionaries\MainRichTextBoxStyle.xbf;C:\Users\Dominik\Projects\storylines\src\Storylines\obj\x64\Debug\Views\Controls\ChapterNotesPane.xbf;C:\Users\Dominik\Projects\storylines\src\Storylines\obj\x64\Debug\Views\Controls\WelcomePanel.xbf;C:\Users\Dominik\Projects\storylines\src\Storylines\obj\x64\Debug\Views\Pages\StoryPinboardPage.xbf;C:\Users\Dominik\Projects\storylines\src\Storylines\obj\x64\Debug\Views\Dialogs\ChapterTagsDialogue.xbf;C:\Users\Dominik\Projects\storylines\src\Storylines\obj\x64\Debug\Views\Dialogs\GlobalSearchDialogue.xbf;C:\Users\Dominik\Projects\storylines\src\Storylines\obj\x64\Debug\Views\Dialogs\ModePickerDialogue.xbf;C:\Users\Dominik\Projects\storylines\src\Storylines\obj\x64\Debug\Views\Dialogs\WritingPromptsDialogue.xbf'
  (Out) GeneratedXamlPagesFiles: ''
  (Out) Compile: 'App.xaml.cs;AppView.xaml.cs;Views\Controls\SymbolButton.xaml.cs;Views\Controls\ShortcutLineControl.xaml.cs;Views\Controls\WhatsNextBanner.xaml.cs;Views\Dialogs\ProjectRenamerDialogue.xaml.cs;Views\Dialogs\ShortcutsDialogue.xaml.cs;Views\Pages\CharactersPage.xaml.cs;Views\Controls\ChaptersList.xaml.cs;Views\Controls\ChapterTextBox.xaml.cs;Views\Dialogs\ChapterCreatorOrRenamer.xaml.cs;Views\Dialogs\ExportDialogue.xaml.cs;Views\Dialogs\LoadProjectDialogue.xaml.cs;Views\Dialogs\SaveDialogue.xaml.cs;Views\Dialogs\ProjectStatsDialogue.xaml.cs;Views\Pages\Settings\AboutPage.xaml.cs;Views\Pages\Settings\GeneralPage.xaml.cs;Views\Pages\Settings\AccessibilityPage.xaml.cs;Views\Pages\Settings\PersonalizationPage.xaml.cs;Resources\Strings.cs;Helpers\NotificationManager.cs;Helpers\SpeakerResolver.cs;Helpers\BranchingDialogueExportHelper.cs;Services\ExportService.cs;Helpers\ShortcutManager.cs;DataStructures\PartialStack.cs;Helpers\TimeTravelSystem.cs;Helpers\UndoRedoManager.cs;Services\Modes\IEditorMode.cs;Services\Modes\ModeChromeConfig.cs;Services\Modes\EditorModeService.cs;Services\Modes\Impl\EditMode.cs;Services\Modes\Impl\FocusMode.cs;Services\Modes\Impl\ReadOnlyMode.cs;Services\RecoveryService.cs;Models\Character.cs;Models\BranchingDialogueModels.cs;Views\Pages\SettingsPage.xaml.cs;Models\Dialogue.cs;Helpers\MicrosoftStoreFunctions.cs;Helpers\TextHighlighter.cs;Views\Controls\MainCommandBar.xaml.cs;Services\ProjectPersistenceService.cs;Services\Persistence\DocumentPersistenceHandlerBase.cs;Services\Persistence\PlainTextDocumentPersistenceHandler.cs;Services\Persistence\StorylinesDocumentPersistenceHandler.cs;Views\Pages\MainPage.xaml.cs;Properties\AssemblyInfo.cs;Models\Chapter.cs;Services\SettingsValues.cs;Services\ThemeSettings.cs;Services\BranchingDialogueEventPublisher.cs;Services\BranchingDialogueService.cs;Services\AppCenterTelemetryProvider.cs;Services\ProjectStateBranchingDialogueStore.cs;Services\ServiceConfiguration.cs;Services\TelemetryEventPropertyBuilder.cs;Services\TelemetryService.cs;Services\DebugLogger.cs;Services\EventAggregator.cs;Services\FileService.cs;Services\Interfaces\IBranchingDialogueEventPublisher.cs;Services\Interfaces\IBranchingDialogueService.cs;Services\Interfaces\IBranchingDialogueStore.cs;Services\Interfaces\ILogger.cs;Services\Interfaces\INotificationService.cs;Services\Interfaces\ITelemetryProvider.cs;Services\Interfaces\ITelemetryService.cs;Services\Interfaces\ISaveSerializer.cs;Services\Interfaces\IProjectPersistenceService.cs;Services\Interfaces\IFileService.cs;Services\Interfaces\INavigationService.cs;Services\Interfaces\ITextEditorService.cs;Services\Interfaces\IDialogService.cs;Services\Interfaces\IChapterWorkflowService.cs;Services\NavigationService.cs;Services\TextEditorService.cs;Services\DialogService.cs;Services\ChapterWorkflowService.cs;Services\Serializers\JsonSaveSerializer.cs;Services\Serializers\LegacySrlSerializer.cs;Models\ProjectData.cs;Models\ProjectFile.cs;Models\ProjectState.cs;Views\Controls\ChapterNotesPane.xaml.cs;Views\Controls\WelcomePanel.xaml.cs;ViewModels\AppViewModel.cs;ViewModels\BranchingDialogueViewModel.cs;ViewModels\MainPageViewModel.cs;ViewModels\ChaptersListViewModel.cs;ViewModels\CharactersPageViewModel.cs;ViewModels\CommandBarViewModel.cs;ViewModels\Modes\FocusModeViewModel.cs;Converters\EmptyStringToCollapsedConverter.cs;Converters\ChapterStatusToColorConverter.cs;Constants\LayoutConstants.cs;Models\CharacterDialoguePreview.cs;Services\WritingSessionService.cs;Services\ChapterTagsService.cs;Views\Controls\Modes\FocusModeOverlay.xaml.cs;Views\Controls\Modes\ReadOnlyModeOverlay.xaml.cs;Views\Dialogs\ChapterTagsDialogue.xaml.cs;Views\Dialogs\GlobalSearchDialogue.xaml.cs;Views\Dialogs\ModePickerDialogue.xaml.cs;Views\Dialogs\WritingPromptsDialogue.xaml.cs;Views\Pages\StoryPinboardPage.xaml.cs;Views\Pages\BranchingDialoguePage.xaml.cs;Views\Controls\BranchingDialogueCanvasControl.xaml.cs;Views\Controls\DialogueSimulatorControl.xaml.cs;C:\Users\Dominik\Projects\storylines\src\Storylines\obj\x64\Debug\App.g.i.cs;C:\Users\Dominik\Projects\storylines\src\Storylines\obj\x64\Debug\App.g.cs;C:\Users\Dominik\Projects\storylines\src\Storylines\obj\x64\Debug\AppView.g.i.cs;C:\Users\Dominik\Projects\storylines\src\Storylines\obj\x64\Debug\AppView.g.cs;C:\Users\Dominik\Projects\storylines\src\Storylines\obj\x64\Debug\Views\Controls\SymbolButton.g.i.cs;C:\Users\Dominik\Projects\storylines\src\Storylines\obj\x64\Debug\Views\Controls\SymbolButton.g.cs;C:\Users\Dominik\Projects\storylines\src\Storylines\obj\x64\Debug\Views\Controls\ShortcutLineControl.g.i.cs;C:\Users\Dominik\Projects\storylines\src\Storylines\obj\x64\Debug\Views\Controls\ShortcutLineControl.g.cs;C:\Users\Dominik\Projects\storylines\src\Storylines\obj\x64\Debug\Views\Controls\WhatsNextBanner.g.i.cs;C:\Users\Dominik\Projects\storylines\src\Storylines\obj\x64\Debug\Views\Controls\WhatsNextBanner.g.cs;C:\Users\Dominik\Projects\storylines\src\Storylines\obj\x64\Debug\Views\Dialogs\ProjectRenamerDialogue.g.i.cs;C:\Users\Dominik\Projects\storylines\src\Storylines\obj\x64\Debug\Views\Dialogs\ProjectRenamerDialogue.g.cs;C:\Users\Dominik\Projects\storylines\src\Storylines\obj\x64\Debug\Views\Dialogs\ShortcutsDialogue.g.i.cs;C:\Users\Dominik\Projects\storylines\src\Storylines\obj\x64\Debug\Views\Dialogs\ShortcutsDialogue.g.cs;C:\Users\Dominik\Projects\storylines\src\Storylines\obj\x64\Debug\Views\Pages\CharactersPage.g.i.cs;C:\Users\Dominik\Projects\storylines\src\Storylines\obj\x64\Debug\Views\Pages\CharactersPage.g.cs;C:\Users\Dominik\Projects\storylines\src\Storylines\obj\x64\Debug\Views\Pages\BranchingDialoguePage.g.i.cs;C:\Users\Dominik\Projects\storylines\src\Storylines\obj\x64\Debug\Views\Pages\BranchingDialoguePage.g.cs;C:\Users\Dominik\Projects\storylines\src\Storylines\obj\x64\Debug\Views\Controls\BranchingDialogueCanvasControl.g.i.cs;C:\Users\Dominik\Projects\storylines\src\Storylines\obj\x64\Debug\Views\Controls\BranchingDialogueCanvasControl.g.cs;C:\Users\Dominik\Projects\storylines\src\Storylines\obj\x64\Debug\Views\Controls\DialogueSimulatorControl.g.i.cs;C:\Users\Dominik\Projects\storylines\src\Storylines\obj\x64\Debug\Views\Controls\DialogueSimulatorControl.g.cs;C:\Users\Dominik\Projects\storylines\src\Storylines\obj\x64\Debug\Views\Controls\ChaptersList.g.i.cs;C:\Users\Dominik\Projects\storylines\src\Storylines\obj\x64\Debug\Views\Controls\ChaptersList.g.cs;C:\Users\Dominik\Projects\storylines\src\Storylines\obj\x64\Debug\Views\Controls\ChapterTextBox.g.i.cs;C:\Users\Dominik\Projects\storylines\src\Storylines\obj\x64\Debug\Views\Controls\ChapterTextBox.g.cs;C:\Users\Dominik\Projects\storylines\src\Storylines\obj\x64\Debug\Views\Dialogs\ChapterCreatorOrRenamer.g.i.cs;C:\Users\Dominik\Projects\storylines\src\Storylines\obj\x64\Debug\Views\Dialogs\ChapterCreatorOrRenamer.g.cs;C:\Users\Dominik\Projects\storylines\src\Storylines\obj\x64\Debug\Views\Dialogs\ExportDialogue.g.i.cs;C:\Users\Dominik\Projects\storylines\src\Storylines\obj\x64\Debug\Views\Dialogs\ExportDialogue.g.cs;C:\Users\Dominik\Projects\storylines\src\Storylines\obj\x64\Debug\Views\Dialogs\LoadProjectDialogue.g.i.cs;C:\Users\Dominik\Projects\storylines\src\Storylines\obj\x64\Debug\Views\Dialogs\LoadProjectDialogue.g.cs;C:\Users\Dominik\Projects\storylines\src\Storylines\obj\x64\Debug\Views\Dialogs\SaveDialogue.g.i.cs;C:\Users\Dominik\Projects\storylines\src\Storylines\obj\x64\Debug\Views\Dialogs\SaveDialogue.g.cs;C:\Users\Dominik\Projects\storylines\src\Storylines\obj\x64\Debug\Views\Dialogs\ProjectStatsDialogue.g.i.cs;C:\Users\Dominik\Projects\storylines\src\Storylines\obj\x64\Debug\Views\Dialogs\ProjectStatsDialogue.g.cs;C:\Users\Dominik\Projects\storylines\src\Storylines\obj\x64\Debug\Views\Controls\MainCommandBar.g.i.cs;C:\Users\Dominik\Projects\storylines\src\Storylines\obj\x64\Debug\Views\Controls\MainCommandBar.g.cs;C:\Users\Dominik\Projects\storylines\src\Storylines\obj\x64\Debug\Views\Controls\Modes\FocusModeOverlay.g.i.cs;C:\Users\Dominik\Projects\storylines\src\Storylines\obj\x64\Debug\Views\Controls\Modes\FocusModeOverlay.g.cs;C:\Users\Dominik\Projects\storylines\src\Storylines\obj\x64\Debug\Views\Controls\Modes\ReadOnlyModeOverlay.g.i.cs;C:\Users\Dominik\Projects\storylines\src\Storylines\obj\x64\Debug\Views\Controls\Modes\ReadOnlyModeOverlay.g.cs;C:\Users\Dominik\Projects\storylines\src\Storylines\obj\x64\Debug\Views\Pages\MainPage.g.i.cs;C:\Users\Dominik\Projects\storylines\src\Storylines\obj\x64\Debug\Views\Pages\MainPage.g.cs;C:\Users\Dominik\Projects\storylines\src\Storylines\obj\x64\Debug\Views\Pages\SettingsPage.g.i.cs;C:\Users\Dominik\Projects\storylines\src\Storylines\obj\x64\Debug\Views\Pages\SettingsPage.g.cs;C:\Users\Dominik\Projects\storylines\src\Storylines\obj\x64\Debug\Views\Pages\Settings\AboutPage.g.i.cs;C:\Users\Dominik\Projects\storylines\src\Storylines\obj\x64\Debug\Views\Pages\Settings\AboutPage.g.cs;C:\Users\Dominik\Projects\storylines\src\Storylines\obj\x64\Debug\Views\Pages\Settings\GeneralPage.g.i.cs;C:\Users\Dominik\Projects\storylines\src\Storylines\obj\x64\Debug\Views\Pages\Settings\GeneralPage.g.cs;C:\Users\Dominik\Projects\storylines\src\Storylines\obj\x64\Debug\Views\Pages\Settings\AccessibilityPage.g.i.cs;C:\Users\Dominik\Projects\storylines\src\Storylines\obj\x64\Debug\Views\Pages\Settings\AccessibilityPage.g.cs;C:\Users\Dominik\Projects\storylines\src\Storylines\obj\x64\Debug\Views\Pages\Settings\PersonalizationPage.g.i.cs;C:\Users\Dominik\Projects\storylines\src\Storylines\obj\x64\Debug\Views\Pages\Settings\PersonalizationPage.g.cs;C:\Users\Dominik\Projects\storylines\src\Storylines\obj\x64\Debug\Views\Controls\ChapterNotesPane.g.i.cs;C:\Users\Dominik\Projects\storylines\src\Storylines\obj\x64\Debug\Views\Controls\ChapterNotesPane.g.cs;C:\Users\Dominik\Projects\storylines\src\Storylines\obj\x64\Debug\Views\Controls\WelcomePanel.g.i.cs;C:\Users\Dominik\Projects\storylines\src\Storylines\obj\x64\Debug\Views\Controls\WelcomePanel.g.cs;C:\Users\Dominik\Projects\storylines\src\Storylines\obj\x64\Debug\Views\Pages\StoryPinboardPage.g.i.cs;C:\Users\Dominik\Projects\storylines\src\Storylines\obj\x64\Debug\Views\Pages\StoryPinboardPage.g.cs;C:\Users\Dominik\Projects\storylines\src\Storylines\obj\x64\Debug\Views\Dialogs\ChapterTagsDialogue.g.i.cs;C:\Users\Dominik\Projects\storylines\src\Storylines\obj\x64\Debug\Views\Dialogs\ChapterTagsDialogue.g.cs;C:\Users\Dominik\Projects\storylines\src\Storylines\obj\x64\Debug\Views\Dialogs\GlobalSearchDialogue.g.i.cs;C:\Users\Dominik\Projects\storylines\src\Storylines\obj\x64\Debug\Views\Dialogs\GlobalSearchDialogue.g.cs;C:\Users\Dominik\Projects\storylines\src\Storylines\obj\x64\Debug\Views\Dialogs\ModePickerDialogue.g.i.cs;C:\Users\Dominik\Projects\storylines\src\Storylines\obj\x64\Debug\Views\Dialogs\ModePickerDialogue.g.cs;C:\Users\Dominik\Projects\storylines\src\Storylines\obj\x64\Debug\Views\Dialogs\WritingPromptsDialogue.g.i.cs;C:\Users\Dominik\Projects\storylines\src\Storylines\obj\x64\Debug\Views\Dialogs\WritingPromptsDialogue.g.cs;C:\Users\Dominik\Projects\storylines\src\Storylines\obj\x64\Debug\XamlTypeInfo.g.cs'
GenerateTargetFrameworkMonikerAttribute:
Skipping target "GenerateTargetFrameworkMonikerAttribute" because all output files are up-to-date with respect to the input files.
CoreCompile:
Skipping target "CoreCompile" because all output files are up-to-date with respect to the input files.
_CopyOutOfDateSourceItemsToOutputDirectory:
Skipping target "_CopyOutOfDateSourceItemsToOutputDirectory" because all output files are up-to-date with respect to the input files.
CopyFilesToOutputDirectory:
  Storylines -> C:\Users\Dominik\Projects\storylines\src\Storylines\bin\x64\Debug\Storylines.exe
ComputeProcessXamlFiles:
  (Out) ProcessedXamlFiles == bin\x64\Debug\App.xbf;bin\x64\Debug\AppView.xbf;bin\x64\Debug\Views\Controls\SymbolButton.xbf;bin\x64\Debug\Views\Controls\ShortcutLineControl.xbf;bin\x64\Debug\Views\Controls\WhatsNextBanner.xbf;bin\x64\Debug\Views\Dialogs\ProjectRenamerDialogue.xbf;bin\x64\Debug\Views\Dialogs\ShortcutsDialogue.xbf;bin\x64\Debug\Views\Pages\CharactersPage.xbf;bin\x64\Debug\Views\Pages\BranchingDialoguePage.xbf;bin\x64\Debug\Views\Controls\BranchingDialogueCanvasControl.xbf;bin\x64\Debug\Views\Controls\DialogueSimulatorControl.xbf;bin\x64\Debug\Views\Controls\ChaptersList.xbf;bin\x64\Debug\Views\Controls\ChapterTextBox.xbf;bin\x64\Debug\Views\Dialogs\ChapterCreatorOrRenamer.xbf;bin\x64\Debug\Views\Dialogs\ExportDialogue.xbf;bin\x64\Debug\Views\Dialogs\LoadProjectDialogue.xbf;bin\x64\Debug\Views\Dialogs\SaveDialogue.xbf;bin\x64\Debug\Views\Dialogs\ProjectStatsDialogue.xbf;bin\x64\Debug\Views\Controls\MainCommandBar.xbf;bin\x64\Debug\Views\Controls\Modes\FocusModeOverlay.xbf;bin\x64\Debug\Views\Controls\Modes\ReadOnlyModeOverlay.xbf;bin\x64\Debug\Views\Pages\MainPage.xbf;bin\x64\Debug\Resources\ResourceDictionaries\CustomExpanderStyle.xbf;bin\x64\Debug\Resources\ResourceDictionaries\MainStyleDictionary.xbf;bin\x64\Debug\Views\Pages\SettingsPage.xbf;bin\x64\Debug\Views\Pages\Settings\AboutPage.xbf;bin\x64\Debug\Views\Pages\Settings\GeneralPage.xbf;bin\x64\Debug\Views\Pages\Settings\AccessibilityPage.xbf;bin\x64\Debug\Views\Pages\Settings\PersonalizationPage.xbf;bin\x64\Debug\Resources\ResourceDictionaries\RightAlignedToggleSwitchStyle.xbf;bin\x64\Debug\Resources\ResourceDictionaries\MainRichTextBoxStyle.xbf;bin\x64\Debug\Views\Controls\ChapterNotesPane.xbf;bin\x64\Debug\Views\Controls\WelcomePanel.xbf;bin\x64\Debug\Views\Pages\StoryPinboardPage.xbf;bin\x64\Debug\Views\Dialogs\ChapterTagsDialogue.xbf;bin\x64\Debug\Views\Dialogs\GlobalSearchDialogue.xbf;bin\x64\Debug\Views\Dialogs\ModePickerDialogue.xbf;bin\x64\Debug\Views\Dialogs\WritingPromptsDialogue.xbf;bin\x64\Debug\\Storylines.xr.xml
CustomOutputGroupForPackaging:
  (Out) Project='Storylines' ProcessedXamlFiles == bin\x64\Debug\App.xbf;bin\x64\Debug\AppView.xbf;bin\x64\Debug\Views\Controls\SymbolButton.xbf;bin\x64\Debug\Views\Controls\ShortcutLineControl.xbf;bin\x64\Debug\Views\Controls\WhatsNextBanner.xbf;bin\x64\Debug\Views\Dialogs\ProjectRenamerDialogue.xbf;bin\x64\Debug\Views\Dialogs\ShortcutsDialogue.xbf;bin\x64\Debug\Views\Pages\CharactersPage.xbf;bin\x64\Debug\Views\Pages\BranchingDialoguePage.xbf;bin\x64\Debug\Views\Controls\BranchingDialogueCanvasControl.xbf;bin\x64\Debug\Views\Controls\DialogueSimulatorControl.xbf;bin\x64\Debug\Views\Controls\ChaptersList.xbf;bin\x64\Debug\Views\Controls\ChapterTextBox.xbf;bin\x64\Debug\Views\Dialogs\ChapterCreatorOrRenamer.xbf;bin\x64\Debug\Views\Dialogs\ExportDialogue.xbf;bin\x64\Debug\Views\Dialogs\LoadProjectDialogue.xbf;bin\x64\Debug\Views\Dialogs\SaveDialogue.xbf;bin\x64\Debug\Views\Dialogs\ProjectStatsDialogue.xbf;bin\x64\Debug\Views\Controls\MainCommandBar.xbf;bin\x64\Debug\Views\Controls\Modes\FocusModeOverlay.xbf;bin\x64\Debug\Views\Controls\Modes\ReadOnlyModeOverlay.xbf;bin\x64\Debug\Views\Pages\MainPage.xbf;bin\x64\Debug\Resources\ResourceDictionaries\CustomExpanderStyle.xbf;bin\x64\Debug\Resources\ResourceDictionaries\MainStyleDictionary.xbf;bin\x64\Debug\Views\Pages\SettingsPage.xbf;bin\x64\Debug\Views\Pages\Settings\AboutPage.xbf;bin\x64\Debug\Views\Pages\Settings\GeneralPage.xbf;bin\x64\Debug\Views\Pages\Settings\AccessibilityPage.xbf;bin\x64\Debug\Views\Pages\Settings\PersonalizationPage.xbf;bin\x64\Debug\Resources\ResourceDictionaries\RightAlignedToggleSwitchStyle.xbf;bin\x64\Debug\Resources\ResourceDictionaries\MainRichTextBoxStyle.xbf;bin\x64\Debug\Views\Controls\ChapterNotesPane.xbf;bin\x64\Debug\Views\Controls\WelcomePanel.xbf;bin\x64\Debug\Views\Pages\StoryPinboardPage.xbf;bin\x64\Debug\Views\Dialogs\ChapterTagsDialogue.xbf;bin\x64\Debug\Views\Dialogs\GlobalSearchDialogue.xbf;bin\x64\Debug\Views\Dialogs\ModePickerDialogue.xbf;bin\x64\Debug\Views\Dialogs\WritingPromptsDialogue.xbf;bin\x64\Debug\\Storylines.xr.xml
  (Out) XamlPackagingRootFolder == bin\x64\Debug\\
  (Out) ProcessedXamlFilesFullPath == C:\Users\Dominik\Projects\storylines\src\Storylines\bin\x64\Debug\App.xbf;C:\Users\Dominik\Projects\storylines\src\Storylines\bin\x64\Debug\AppView.xbf;C:\Users\Dominik\Projects\storylines\src\Storylines\bin\x64\Debug\Views\Controls\SymbolButton.xbf;C:\Users\Dominik\Projects\storylines\src\Storylines\bin\x64\Debug\Views\Controls\ShortcutLineControl.xbf;C:\Users\Dominik\Projects\storylines\src\Storylines\bin\x64\Debug\Views\Controls\WhatsNextBanner.xbf;C:\Users\Dominik\Projects\storylines\src\Storylines\bin\x64\Debug\Views\Dialogs\ProjectRenamerDialogue.xbf;C:\Users\Dominik\Projects\storylines\src\Storylines\bin\x64\Debug\Views\Dialogs\ShortcutsDialogue.xbf;C:\Users\Dominik\Projects\storylines\src\Storylines\bin\x64\Debug\Views\Pages\CharactersPage.xbf;C:\Users\Dominik\Projects\storylines\src\Storylines\bin\x64\Debug\Views\Pages\BranchingDialoguePage.xbf;C:\Users\Dominik\Projects\storylines\src\Storylines\bin\x64\Debug\Views\Controls\BranchingDialogueCanvasControl.xbf;C:\Users\Dominik\Projects\storylines\src\Storylines\bin\x64\Debug\Views\Controls\DialogueSimulatorControl.xbf;C:\Users\Dominik\Projects\storylines\src\Storylines\bin\x64\Debug\Views\Controls\ChaptersList.xbf;C:\Users\Dominik\Projects\storylines\src\Storylines\bin\x64\Debug\Views\Controls\ChapterTextBox.xbf;C:\Users\Dominik\Projects\storylines\src\Storylines\bin\x64\Debug\Views\Dialogs\ChapterCreatorOrRenamer.xbf;C:\Users\Dominik\Projects\storylines\src\Storylines\bin\x64\Debug\Views\Dialogs\ExportDialogue.xbf;C:\Users\Dominik\Projects\storylines\src\Storylines\bin\x64\Debug\Views\Dialogs\LoadProjectDialogue.xbf;C:\Users\Dominik\Projects\storylines\src\Storylines\bin\x64\Debug\Views\Dialogs\SaveDialogue.xbf;C:\Users\Dominik\Projects\storylines\src\Storylines\bin\x64\Debug\Views\Dialogs\ProjectStatsDialogue.xbf;C:\Users\Dominik\Projects\storylines\src\Storylines\bin\x64\Debug\Views\Controls\MainCommandBar.xbf;C:\Users\Dominik\Projects\storylines\src\Storylines\bin\x64\Debug\Views\Controls\Modes\FocusModeOverlay.xbf;C:\Users\Dominik\Projects\storylines\src\Storylines\bin\x64\Debug\Views\Controls\Modes\ReadOnlyModeOverlay.xbf;C:\Users\Dominik\Projects\storylines\src\Storylines\bin\x64\Debug\Views\Pages\MainPage.xbf;C:\Users\Dominik\Projects\storylines\src\Storylines\bin\x64\Debug\Resources\ResourceDictionaries\CustomExpanderStyle.xbf;C:\Users\Dominik\Projects\storylines\src\Storylines\bin\x64\Debug\Resources\ResourceDictionaries\MainStyleDictionary.xbf;C:\Users\Dominik\Projects\storylines\src\Storylines\bin\x64\Debug\Views\Pages\SettingsPage.xbf;C:\Users\Dominik\Projects\storylines\src\Storylines\bin\x64\Debug\Views\Pages\Settings\AboutPage.xbf;C:\Users\Dominik\Projects\storylines\src\Storylines\bin\x64\Debug\Views\Pages\Settings\GeneralPage.xbf;C:\Users\Dominik\Projects\storylines\src\Storylines\bin\x64\Debug\Views\Pages\Settings\AccessibilityPage.xbf;C:\Users\Dominik\Projects\storylines\src\Storylines\bin\x64\Debug\Views\Pages\Settings\PersonalizationPage.xbf;C:\Users\Dominik\Projects\storylines\src\Storylines\bin\x64\Debug\Resources\ResourceDictionaries\RightAlignedToggleSwitchStyle.xbf;C:\Users\Dominik\Projects\storylines\src\Storylines\bin\x64\Debug\Resources\ResourceDictionaries\MainRichTextBoxStyle.xbf;C:\Users\Dominik\Projects\storylines\src\Storylines\bin\x64\Debug\Views\Controls\ChapterNotesPane.xbf;C:\Users\Dominik\Projects\storylines\src\Storylines\bin\x64\Debug\Views\Controls\WelcomePanel.xbf;C:\Users\Dominik\Projects\storylines\src\Storylines\bin\x64\Debug\Views\Pages\StoryPinboardPage.xbf;C:\Users\Dominik\Projects\storylines\src\Storylines\bin\x64\Debug\Views\Dialogs\ChapterTagsDialogue.xbf;C:\Users\Dominik\Projects\storylines\src\Storylines\bin\x64\Debug\Views\Dialogs\GlobalSearchDialogue.xbf;C:\Users\Dominik\Projects\storylines\src\Storylines\bin\x64\Debug\Views\Dialogs\ModePickerDialogue.xbf;C:\Users\Dominik\Projects\storylines\src\Storylines\bin\x64\Debug\Views\Dialogs\WritingPromptsDialogue.xbf;C:\Users\Dominik\Projects\storylines\src\Storylines\bin\x64\Debug\Storylines.xr.xml
  (Out) Project='Storylines' CustomOutputGroupForPackagingOutput == C:\Users\Dominik\Projects\storylines\src\Storylines\bin\x64\Debug\App.xbf;C:\Users\Dominik\Projects\storylines\src\Storylines\bin\x64\Debug\AppView.xbf;C:\Users\Dominik\Projects\storylines\src\Storylines\bin\x64\Debug\Views\Controls\SymbolButton.xbf;C:\Users\Dominik\Projects\storylines\src\Storylines\bin\x64\Debug\Views\Controls\ShortcutLineControl.xbf;C:\Users\Dominik\Projects\storylines\src\Storylines\bin\x64\Debug\Views\Controls\WhatsNextBanner.xbf;C:\Users\Dominik\Projects\storylines\src\Storylines\bin\x64\Debug\Views\Dialogs\ProjectRenamerDialogue.xbf;C:\Users\Dominik\Projects\storylines\src\Storylines\bin\x64\Debug\Views\Dialogs\ShortcutsDialogue.xbf;C:\Users\Dominik\Projects\storylines\src\Storylines\bin\x64\Debug\Views\Pages\CharactersPage.xbf;C:\Users\Dominik\Projects\storylines\src\Storylines\bin\x64\Debug\Views\Pages\BranchingDialoguePage.xbf;C:\Users\Dominik\Projects\storylines\src\Storylines\bin\x64\Debug\Views\Controls\BranchingDialogueCanvasControl.xbf;C:\Users\Dominik\Projects\storylines\src\Storylines\bin\x64\Debug\Views\Controls\DialogueSimulatorControl.xbf;C:\Users\Dominik\Projects\storylines\src\Storylines\bin\x64\Debug\Views\Controls\ChaptersList.xbf;C:\Users\Dominik\Projects\storylines\src\Storylines\bin\x64\Debug\Views\Controls\ChapterTextBox.xbf;C:\Users\Dominik\Projects\storylines\src\Storylines\bin\x64\Debug\Views\Dialogs\ChapterCreatorOrRenamer.xbf;C:\Users\Dominik\Projects\storylines\src\Storylines\bin\x64\Debug\Views\Dialogs\ExportDialogue.xbf;C:\Users\Dominik\Projects\storylines\src\Storylines\bin\x64\Debug\Views\Dialogs\LoadProjectDialogue.xbf;C:\Users\Dominik\Projects\storylines\src\Storylines\bin\x64\Debug\Views\Dialogs\SaveDialogue.xbf;C:\Users\Dominik\Projects\storylines\src\Storylines\bin\x64\Debug\Views\Dialogs\ProjectStatsDialogue.xbf;C:\Users\Dominik\Projects\storylines\src\Storylines\bin\x64\Debug\Views\Controls\MainCommandBar.xbf;C:\Users\Dominik\Projects\storylines\src\Storylines\bin\x64\Debug\Views\Controls\Modes\FocusModeOverlay.xbf;C:\Users\Dominik\Projects\storylines\src\Storylines\bin\x64\Debug\Views\Controls\Modes\ReadOnlyModeOverlay.xbf;C:\Users\Dominik\Projects\storylines\src\Storylines\bin\x64\Debug\Views\Pages\MainPage.xbf;C:\Users\Dominik\Projects\storylines\src\Storylines\bin\x64\Debug\Resources\ResourceDictionaries\CustomExpanderStyle.xbf;C:\Users\Dominik\Projects\storylines\src\Storylines\bin\x64\Debug\Resources\ResourceDictionaries\MainStyleDictionary.xbf;C:\Users\Dominik\Projects\storylines\src\Storylines\bin\x64\Debug\Views\Pages\SettingsPage.xbf;C:\Users\Dominik\Projects\storylines\src\Storylines\bin\x64\Debug\Views\Pages\Settings\AboutPage.xbf;C:\Users\Dominik\Projects\storylines\src\Storylines\bin\x64\Debug\Views\Pages\Settings\GeneralPage.xbf;C:\Users\Dominik\Projects\storylines\src\Storylines\bin\x64\Debug\Views\Pages\Settings\AccessibilityPage.xbf;C:\Users\Dominik\Projects\storylines\src\Storylines\bin\x64\Debug\Views\Pages\Settings\PersonalizationPage.xbf;C:\Users\Dominik\Projects\storylines\src\Storylines\bin\x64\Debug\Resources\ResourceDictionaries\RightAlignedToggleSwitchStyle.xbf;C:\Users\Dominik\Projects\storylines\src\Storylines\bin\x64\Debug\Resources\ResourceDictionaries\MainRichTextBoxStyle.xbf;C:\Users\Dominik\Projects\storylines\src\Storylines\bin\x64\Debug\Views\Controls\ChapterNotesPane.xbf;C:\Users\Dominik\Projects\storylines\src\Storylines\bin\x64\Debug\Views\Controls\WelcomePanel.xbf;C:\Users\Dominik\Projects\storylines\src\Storylines\bin\x64\Debug\Views\Pages\StoryPinboardPage.xbf;C:\Users\Dominik\Projects\storylines\src\Storylines\bin\x64\Debug\Views\Dialogs\ChapterTagsDialogue.xbf;C:\Users\Dominik\Projects\storylines\src\Storylines\bin\x64\Debug\Views\Dialogs\GlobalSearchDialogue.xbf;C:\Users\Dominik\Projects\storylines\src\Storylines\bin\x64\Debug\Views\Dialogs\ModePickerDialogue.xbf;C:\Users\Dominik\Projects\storylines\src\Storylines\bin\x64\Debug\Views\Dialogs\WritingPromptsDialogue.xbf;C:\Users\Dominik\Projects\storylines\src\Storylines\bin\x64\Debug\Storylines.xr.xml
_AddVCLibs140UniversalCrtDebugReference:
    Reading SDK manifest file "C:\Program Files (x86)\Microsoft SDKs\Windows Kits\10\ExtensionSDKs\Microsoft.UniversalCRT.Debug\10.0.26100.0\SDKManifest.xml".
    Targeted configuration and architecture "Debug|X64"
    No FrameworkIdentity attributes were found in the SDK manifest, treating this SDK as a non-framework SDK.
    No "APPX" attributes indicating app package locations were found in the SDK manifest. If an app package is required at runtime the project may not run.
_GeneratePrisForPortableLibraries:
  Task assembly was loaded from 'C:\Program Files\Microsoft Visual Studio\18\Professional\MSBuild\Current\Bin\Microsoft.Build.dll' while the desired location was 'C:\Program Files\Microsoft Visual Studio\18\Professional\MSBuild\Current\Bin\Microsoft.Build.Tasks.Core.dll'.
_GenerateProjectPriFileCore:
Skipping target "_GenerateProjectPriFileCore" because all output files are up-to-date with respect to the input files.
CheckForOptionalComponent:
  The specified XPath query did not capture any nodes.
_GenerateCurrentProjectAppxManifest:
Skipping target "_GenerateCurrentProjectAppxManifest" because all output files are up-to-date with respect to the input files.
